******************************************************************************
                  TI ARM Linker PC v20.2.7                     
******************************************************************************
>> Linked Sun Apr 16 17:56:22 2023

OUTPUT FILE NAME:   <Inverte_RTOS_Control_Sys.out>
ENTRY POINT SYMBOL: "_c_int00"  address: 0000cd6c


MEMORY CONFIGURATION

         name            origin    length      used     unused   attr    fill
----------------------  --------  ---------  --------  --------  ----  --------
  VECTORS               00000000   00000020  00000020  00000000     X
  KERNEL                00000020   00008000  00005208  00002df8  R  X
  FLASH0                00008020   001f7fe0  00005350  001f2c90  R  X
  FLASH1                00200000   00200000  00000000  00200000  R  X
  STACKS                08000000   00000800  00000000  00000800  RW  
  KRAM                  08000800   00000800  00000104  000006fc  RW  
  RAM                   08001000   0007f000  00002020  0007cfe0  RW  


SEGMENT ALLOCATION MAP

run origin  load origin   length   init length attrs members
----------  ----------- ---------- ----------- ----- -------
00000000    00000000    000051d8   000051d8    r-x
  00000000    00000000    00000020   00000020    r-x .intvecs
  00000020    00000020    000051b8   000051b8    r-x .kernelTEXT
000051e0    000051e0    00000050   00000050    r--
  000051e0    000051e0    00000050   00000050    r-- .cinit
00008020    00008020    00005150   00005150    r-x
  00008020    00008020    00005150   00005150    r-x .text
0000d180    0000d180    00000200   00000200    r--
  0000d180    0000d180    00000200   00000200    r-- .const
08000800    08000800    00000104   00000000    rw-
  08000800    08000800    00000104   00000000    rw- .kernelBSS
08001000    08001000    00002020   00000000    rw-
  08001000    08001000    00002000   00000000    rw- .kernelHEAP
  08003000    08003000    00000018   00000000    rw- .data
  08003018    08003018    00000008   00000000    rw- .bss


SECTION ALLOCATION MAP

 output                                  attributes/
section   page    origin      length       input sections
--------  ----  ----------  ----------   ----------------
.intvecs   0    00000000    00000020     
                  00000000    00000020     HL_sys_intvecs.obj (.intvecs)

.kernelTEXT 
*          0    00000020    000051b8     
                  00000020    00002bb8     os_tasks.obj (.kernelTEXT)
                  00002bd8    000011d4     os_queue.obj (.kernelTEXT)
                  00003dac    00000818     os_event_groups.obj (.kernelTEXT)
                  000045c4    000004bc     os_portasm.obj (.kernelTEXT)
                  00004a80    000003dc     os_port.obj (.kernelTEXT)
                  00004e5c    0000037c     os_heap.obj (.kernelTEXT)

.cinit     0    000051e0    00000050     
                  000051e0    0000000c     (__TI_handler_table)
                  000051ec    0000000b     (.cinit..data.load) [load image, compression = lzss]
                  000051f7    00000009     (.cinit..kernelBSS.load) [load image, compression = lzss]
                  00005200    00000008     (.cinit..bss.load) [load image, compression = zero_init]
                  00005208    00000008     (.cinit..kernelHEAP.load) [load image, compression = zero_init]
                  00005210    00000020     (__TI_cinit_table)

.text      0    00008020    00005150     
                  00008020    000009c0     HL_pinmux.obj (.text)
                  000089e0    000009a0     os_mpu_wrappers.obj (.text)
                  00009380    00000998     HL_system.obj (.text)
                  00009d18    0000093c     HL_sys_vim.obj (.text)
                  0000a654    0000078c     HL_esm.obj (.text)
                  0000ade0    00000664     HL_errata_SSWF021_45.obj (.text)
                  0000b444    00000484     HL_gio.obj (.text)
                  0000b8c8    000003c4     HL_sys_core.obj (.text)
                  0000bc8c    0000036c     HL_sys_mpu.obj (.text)
                  0000bff8    0000033c     HL_sys_vim.obj (.text:retain)
                  0000c334    00000278     os_heap.obj (.text)
                  0000c5ac    00000238     os_list.obj (.text)
                  0000c7e4    00000180     rtsv7R4_A_le_v3D16_eabi.lib : memcpy32.asm.obj (.text)
                  0000c964    00000178     HL_esm.obj (.text:retain)
                  0000cadc    00000158     os_tasks.obj (.text)
                  0000cc34    00000138     os_port.obj (.text)
                  0000cd6c    000000d8     HL_sys_startup.obj (.text:retain)
                  0000ce44    000000b0     rtsv7R4_A_le_v3D16_eabi.lib : memset32.asm.obj (.text)
                  0000cef4    000000ac     HL_notification.obj (.text)
                  0000cfa0    00000090     rtsv7R4_A_le_v3D16_eabi.lib : copy_decompress_lzss.c.obj (.text:decompress:lzss:__TI_decompress_lzss)
                  0000d030    00000084     HL_sys_main.obj (.text)
                  0000d0b4    00000068     rtsv7R4_A_le_v3D16_eabi.lib : autoinit.c.obj (.text:__TI_auto_init_nobinit_nopinit:__TI_auto_init_nobinit_nopinit)
                  0000d11c    00000020                                 : strlen.c.obj (.text:strlen)
                  0000d13c    00000014                                 : copy_decompress_none.c.obj (.text:decompress:none:__TI_decompress_none)
                  0000d150    00000010                                 : copy_zero_init.c.obj (.text:decompress:ZI:__TI_zero_init)
                  0000d160    00000008                                 : exit.c.obj (.text:abort:abort)
                  0000d168    00000004     HL_sys_startup.obj (.text)
                  0000d16c    00000004     HL_sys_phantom.obj (.text:retain)

.const     0    0000d180    00000200     
                  0000d180    00000200     HL_sys_vim.obj (.const:s_vim_init)

.kernelBSS 
*          0    08000800    00000104     UNINITIALIZED
                  08000800    000000d0     os_tasks.obj (.kernelBSS:uninit)
                  080008d0    00000034     os_tasks.obj (.kernelBSS:init)

.kernelHEAP 
*          0    08001000    00002000     UNINITIALIZED
                  08001000    00002000     os_heap.obj (.kernelHEAP)

.data      0    08003000    00000018     UNINITIALIZED
                  08003000    00000010     os_heap.obj (.data)
                  08003010    00000008     os_port.obj (.data)

.bss       0    08003018    00000008     UNINITIALIZED
                  08003018    00000008     os_heap.obj (.bss:xStart)

__llvm_prf_cnts 
*          0    08001000    00000000     UNINITIALIZED

MODULE SUMMARY

       Module                       code    ro data   rw data
       ------                       ----    -------   -------
    .\source\
       os_tasks.obj                 11536   0         260    
       os_heap.obj                  1524    0         8216   
       os_queue.obj                 4564    0         0      
       HL_sys_vim.obj               3192    512       0      
       HL_pinmux.obj                2496    0         0      
       os_mpu_wrappers.obj          2464    0         0      
       HL_system.obj                2456    0         0      
       HL_esm.obj                   2308    0         0      
       os_event_groups.obj          2072    0         0      
       HL_errata_SSWF021_45.obj     1636    0         0      
       os_port.obj                  1300    0         8      
       os_portasm.obj               1212    0         0      
       HL_gio.obj                   1156    0         0      
       HL_sys_core.obj              964     0         0      
       HL_sys_mpu.obj               876     0         0      
       os_list.obj                  568     0         0      
       HL_sys_startup.obj           220     0         0      
       HL_notification.obj          172     0         0      
       HL_sys_main.obj              132     0         0      
       HL_sys_intvecs.obj           32      0         0      
       HL_sys_phantom.obj           4       0         0      
    +--+----------------------------+-------+---------+---------+
       Total:                       40884   512       8484   
                                                             
    C:\ti\ccs1220\ccs\tools\compiler\ti-cgt-arm_20.2.7.LTS\lib\rtsv7R4_A_le_v3D16_eabi.lib
       memcpy32.asm.obj             384     0         0      
       memset32.asm.obj             176     0         0      
       copy_decompress_lzss.c.obj   144     0         0      
       autoinit.c.obj               104     0         0      
       strlen.c.obj                 32      0         0      
       copy_decompress_none.c.obj   20      0         0      
       copy_zero_init.c.obj         16      0         0      
       exit.c.obj                   8       0         0      
    +--+----------------------------+-------+---------+---------+
       Total:                       884     0         0      
                                                             
       Linker Generated:            0       80        0      
    +--+----------------------------+-------+---------+---------+
       Grand Total:                 41768   592       8484   


LINKER GENERATED COPY TABLES

__TI_cinit_table @ 00005210 records: 4, size/record: 8, table size: 32
	.data: load addr=000051ec, load size=0000000b bytes, run addr=08003000, run size=00000018 bytes, compression=lzss
	.kernelBSS: load addr=000051f7, load size=00000009 bytes, run addr=08000800, run size=00000104 bytes, compression=lzss
	.bss: load addr=00005200, load size=00000008 bytes, run addr=08003018, run size=00000008 bytes, compression=zero_init
	.kernelHEAP: load addr=00005208, load size=00000008 bytes, run addr=08001000, run size=00002000 bytes, compression=zero_init


LINKER GENERATED HANDLER TABLE

__TI_handler_table @ 000051e0 records: 3, size/record: 4, table size: 12
	index: 0, handler: __TI_decompress_lzss
	index: 1, handler: __TI_decompress_none
	index: 2, handler: __TI_zero_init


GLOBAL SYMBOLS: SORTED ALPHABETICALLY BY Name 

address   name                                  
-------   ----                                  
0000d160  C$$EXIT                               
0000d030  LED_Task                              
00008bb0  MPU_eTaskGetState                     
00008d18  MPU_pcTaskGetName                     
00008df8  MPU_pvTaskGetThreadLocalStoragePointer
00008f10  MPU_ulTaskNotifyTake                  
000090cc  MPU_uxQueueMessagesWaiting            
00009100  MPU_uxQueueSpacesAvailable            
00008cec  MPU_uxTaskGetNumberOfTasks            
00008d80  MPU_uxTaskGetStackHighWaterMark       
00008b7c  MPU_uxTaskPriorityGet                 
00009354  MPU_vEventGroupDelete                 
00009134  MPU_vQueueDelete                      
00008a88  MPU_vTaskAllocateMPURegions           
00008ae8  MPU_vTaskDelay                        
00008b14  MPU_vTaskDelayUntil                   
00008abc  MPU_vTaskDelete                       
00008be4  MPU_vTaskPrioritySet                  
00008c44  MPU_vTaskResume                       
00008db4  MPU_vTaskSetThreadLocalStoragePointer 
00008f88  MPU_vTaskSetTimeOutState              
00008c18  MPU_vTaskSuspend                      
00008c70  MPU_vTaskSuspendAll                   
00009278  MPU_xEventGroupClearBits              
000091f0  MPU_xEventGroupCreate                 
000092bc  MPU_xEventGroupSetBits                
00009300  MPU_xEventGroupSync                   
0000921c  MPU_xEventGroupWaitBits               
00009160  MPU_xQueueGenericCreate               
00009078  MPU_xQueueGenericReceive              
000091ac  MPU_xQueueGenericReset                
00009024  MPU_xQueueGenericSend                 
00008b48  MPU_xTaskAbortDelay                   
00008fb4  MPU_xTaskCheckForTimeOut              
000089e0  MPU_xTaskCreate                       
00008a44  MPU_xTaskCreateRestricted             
00008e68  MPU_xTaskGenericNotify                
00008d4c  MPU_xTaskGetHandle                    
00008e3c  MPU_xTaskGetIdleTaskHandle            
00008ff8  MPU_xTaskGetSchedulerState            
00008cc0  MPU_xTaskGetTickCount                 
00008f54  MPU_xTaskNotifyStateClear             
00008ebc  MPU_xTaskNotifyWait                   
00008c94  MPU_xTaskResumeAll                    
UNDEFED   SHT$$INIT_ARRAY$$Base                 
UNDEFED   SHT$$INIT_ARRAY$$Limit                
00005210  __TI_CINIT_Base                       
00005230  __TI_CINIT_Limit                      
000051e0  __TI_Handler_Table_Base               
000051ec  __TI_Handler_Table_Limit              
0000bc84  __TI_PINIT_Base                       
0000bc88  __TI_PINIT_Limit                      
0000d0b4  __TI_auto_init_nobinit_nopinit        
0000cfa0  __TI_decompress_lzss                  
0000d13c  __TI_decompress_none                  
ffffffff  __TI_pprof_out_hndl                   
ffffffff  __TI_prof_data_size                   
ffffffff  __TI_prof_data_start                  
00000000  __TI_static_base__                    
0000d150  __TI_zero_init                        
0000ce44  __aeabi_memclr                        
0000ce44  __aeabi_memclr4                       
0000ce44  __aeabi_memclr8                       
0000c7e4  __aeabi_memcpy                        
0000c7e4  __aeabi_memcpy4                       
0000c7e4  __aeabi_memcpy8                       
0000ce48  __aeabi_memset                        
0000ce48  __aeabi_memset4                       
0000ce48  __aeabi_memset8                       
ffffffff  __binit__                             
ffffffff  __c_args__                            
08001000  __start___llvm_prf_cnts               
08001000  __stop___llvm_prf_cnts                
0000cd6c  _c_int00                              
0000bc38  _cacheDisable_                        
0000bbf4  _cacheEnable_                         
0000bbd4  _checkMemInitOn_                      
0000bae0  _coreClearAuxiliaryDataFault_         
0000baf4  _coreClearAuxiliaryInstructionFault_  
0000bab8  _coreClearDataFaultAddress_           
0000ba90  _coreClearDataFault_                  
0000bacc  _coreClearInstructionFaultAddress_    
0000baa4  _coreClearInstructionFault_           
0000ba68  _coreDisableEventBusExport_           
0000ba58  _coreEnableEventBusExport_            
0000ba78  _coreEnableIrqVicOffset_              
0000ba40  _coreEnableVfp_                       
0000bad8  _coreGetAuxiliaryDataFault_           
0000baec  _coreGetAuxiliaryInstructionFault_    
0000bab0  _coreGetDataFaultAddress_             
0000ba88  _coreGetDataFault_                    
0000bac4  _coreGetInstructionFaultAddress_      
0000ba9c  _coreGetInstructionFault_             
0000b8c8  _coreInitRegisters_                   
0000b9d4  _coreInitStackPointer_                
0000bc5c  _dCacheInvalidate_                    
0000bb00  _disable_IRQ_interrupt_               
0000bb08  _enable_IRQ_interrupt_                
0000bb10  _enable_interrupt_                    
0000ade0  _errata_SSWF021_45_both_plls          
0000afd4  _errata_SSWF021_45_pll1               
0000b14c  _errata_SSWF021_45_pll2               
0000bb18  _esmCcmErrorsClear_                   
0000ba20  _getCPSRValue_                        
0000ba28  _gotoCPUIdle_                         
0000bc70  _iCacheInvalidate_                    
0000bba0  _memInit_                             
0000bfa0  _mpuAreRegionsSeparate_               
0000bf84  _mpuDisableBackgroundRegion_          
0000bf5c  _mpuDisable_                          
0000bf74  _mpuEnableBackgroundRegion_           
0000bf44  _mpuEnable_                           
0000bf94  _mpuGetNumberOfRegions_               
0000bfc4  _mpuGetRegionBaseAddress_             
0000bfe4  _mpuGetRegionPermission_              
0000bfd8  _mpuGetRegionType_                    
0000bfb4  _mpuGetRegion_                        
0000bc8c  _mpuInit_                             
0000bfbc  _mpuSetRegionBaseAddress_             
0000bff0  _mpuSetRegionSizeRegister_            
0000bfcc  _mpuSetRegionTypeAndPermission_       
0000bfac  _mpuSetRegion_                        
UNDEFED   _system_post_cinit                    
0000d160  abort                                 
0000cf40  adcNotification                       
ffffffff  binit                                 
00009c70  customTrimLPO                         
0000cf2c  dmaGroupANotification                 
00001f00  eTaskConfirmSleepModeStatus           
00000888  eTaskGetState                         
0000cf8c  epcCAMFullNotification                
0000cf90  epcFIFOFullNotification               
0000a864  esmActivateNormalOperation            
0000a9b0  esmClearStatus                        
0000aa14  esmClearStatusBuffer                  
0000a9f0  esmClearStatusUpper                   
0000a810  esmDisableError                       
0000a838  esmDisableErrorUpper                  
0000a8b8  esmDisableInterrupt                   
0000a8e0  esmDisableInterruptUpper              
0000a7cc  esmEnableError                        
0000a7f4  esmEnableErrorUpper                   
0000a874  esmEnableInterrupt                    
0000a89c  esmEnableInterruptUpper               
0000ab44  esmEnterSelfTest                      
0000a7b0  esmError                              
0000ac1c  esmGetConfigValue                     
0000aa50  esmGetStatus                          
0000ab1c  esmGetStatusBuffer                    
0000aad4  esmGetStatusUpper                     
0000cef4  esmGroup1Notification                 
0000cf08  esmGroup2Notification                 
0000cf1c  esmGroup3Notification                 
0000c964  esmHighInterrupt                      
0000a654  esmInit                               
0000abcc  esmSelfTestStatus                     
0000aa30  esmSetCounterPreloadValue             
0000a8fc  esmSetInterruptLevel                  
0000a970  esmSetInterruptLevelUpper             
0000a854  esmTriggerErrorPinReset               
0000cf68  etpwmNotification                     
0000cf78  etpwmTripNotification                 
00009718  getResetSource                        
0000b6a4  gioDisableNotification                
0000b63c  gioEnableNotification                 
0000b5a4  gioGetBit                             
0000b70c  gioGetConfigValue                     
0000b5cc  gioGetPort                            
0000b444  gioInit                               
0000cf54  gioNotification                       
0000b534  gioSetBit                             
0000b514  gioSetDirection                       
0000b584  gioSetPort                            
0000b5e4  gioToggleBit                          
0000d168  handlePLLLockFail                     
0000d06c  main                                  
00009548  mapClocks                             
0000c7e4  memcpy                                
0000ce54  memset                                
00008020  muxInit                               
00001344  pcTaskGetName                         
00009494  periphInit                            
0000d16c  phantomInterrupt                      
00004a58  prvMpuDisable                         
00004a40  prvMpuEnable                          
00004a28  prvMpuSetRegion                       
00004e5c  pvPortMalloc                          
00001fe0  pvTaskGetThreadLocalStoragePointer    
080008d0  pxCurrentTCB                          
00004a80  pxPortInitialiseStack                 
00000000  resetEntry                            
00009454  setupFlash                            
00009380  setupPLL                              
0000d11c  strlen                                
00009840  systemGetConfigValue                  
00009674  systemInit                            
000096e8  systemPowerDown                       
000093e0  trimLPO                               
08003010  ulCriticalNesting                     
00004944  ulPortCountLeadingZeros               
08003014  ulTaskHasFPUContext                   
00002378  ulTaskNotifyTake                      
0000c758  uxListRemove                          
000038e8  uxQueueMessagesWaiting                
0000396c  uxQueueMessagesWaitingFromISR         
00003920  uxQueueSpacesAvailable                
00001338  uxTaskGetNumberOfTasks                
00002224  uxTaskGetStackHighWaterMark           
0000098c  uxTaskPriorityGet                     
000009d0  uxTaskPriorityGetFromISR              
0000233c  uxTaskResetEventItemValue             
0000453c  vEventGroupClearBitsCallback          
0000449c  vEventGroupDelete                     
00004520  vEventGroupSetBitsCallback            
0000c5ac  vListInitialise                       
0000c604  vListInitialiseItem                   
0000c694  vListInsert                           
0000c620  vListInsertEnd                        
00004e28  vPortEndScheduler                     
000050b0  vPortFree                             
000051c0  vPortInitialiseBlocks                 
00004938  vPortInitialiseFPSCR                  
00004838  vPortPreemptiveTick                   
0000494c  vPortSWI                              
000045c8  vPortStartFirstTask                   
00004b94  vPortStoreTaskMPUSettings             
00004744  vPortYeildWithinAPI                   
00004658  vPortYieldProcessor                   
0000399c  vQueueDelete                          
0000204c  vTaskAllocateMPURegions               
00000804  vTaskDelay                            
00000698  vTaskDelayUntil                       
00000530  vTaskDelete                           
00001074  vTaskEndScheduler                     
00001ef0  vTaskMissedYield                      
00002930  vTaskNotifyGiveFromISR                
00001ab8  vTaskPlaceOnEventList                 
00001afc  vTaskPlaceOnUnorderedEventList        
00000a18  vTaskPrioritySet                      
00000e14  vTaskResume                           
00001f7c  vTaskSetThreadLocalStoragePointer     
00001d74  vTaskSetTimeOutState                  
00000fdc  vTaskStartScheduler                   
00001658  vTaskStepTick                         
00000c10  vTaskSuspend                          
00001090  vTaskSuspendAll                       
000019d8  vTaskSwitchContext                    
00009dec  vimChannelMap                         
0000a058  vimDisableInterrupt                   
0000bff8  vimECCErrorHandler                    
00009e90  vimEnableInterrupt                    
0000a104  vimGetConfigValue                     
00009d18  vimInit                               
00004238  xEventGroupClearBits                  
00003dac  xEventGroupCreate                     
000042bc  xEventGroupGetBitsFromISR             
000042ec  xEventGroupSetBits                    
00003de8  xEventGroupSync                       
00003fe8  xEventGroupWaitBits                   
000051a8  xPortGetFreeHeapSize                  
000051b4  xPortGetMinimumEverFreeHeapSize       
00004e08  xPortStartScheduler                   
00002d00  xQueueGenericCreate                   
000033d8  xQueueGenericReceive                  
00002bd8  xQueueGenericReset                    
00002e1c  xQueueGenericSend                     
000030dc  xQueueGenericSendFromISR              
0000326c  xQueueGiveFromISR                     
00003cd0  xQueueIsQueueEmptyFromISR             
00003d5c  xQueueIsQueueFullFromISR              
000037f4  xQueuePeekFromISR                     
000036ac  xQueueReceiveFromISR                  
000016b4  xTaskAbortDelay                       
00001db8  xTaskCheckForTimeOut                  
000000fc  xTaskCreate                           
00000020  xTaskCreateRestricted                 
00002560  xTaskGenericNotify                    
00002730  xTaskGenericNotifyFromISR             
00001518  xTaskGetHandle                        
00001620  xTaskGetIdleTaskHandle                
000022ec  xTaskGetSchedulerState                
000012f8  xTaskGetTickCount                     
00001314  xTaskGetTickCountFromISR              
000017b0  xTaskIncrementTick                    
0000cbb8  xTaskNotifyStateClear                 
0000244c  xTaskNotifyWait                       
00001b80  xTaskRemoveFromEventList              
00001c70  xTaskRemoveFromUnorderedEventList     
00001148  xTaskResumeAll                        
00000ef4  xTaskResumeFromISR                    


GLOBAL SYMBOLS: SORTED BY Symbol Address 

address   name                                  
-------   ----                                  
00000000  __TI_static_base__                    
00000000  resetEntry                            
00000020  xTaskCreateRestricted                 
000000fc  xTaskCreate                           
00000530  vTaskDelete                           
00000698  vTaskDelayUntil                       
00000804  vTaskDelay                            
00000888  eTaskGetState                         
0000098c  uxTaskPriorityGet                     
000009d0  uxTaskPriorityGetFromISR              
00000a18  vTaskPrioritySet                      
00000c10  vTaskSuspend                          
00000e14  vTaskResume                           
00000ef4  xTaskResumeFromISR                    
00000fdc  vTaskStartScheduler                   
00001074  vTaskEndScheduler                     
00001090  vTaskSuspendAll                       
00001148  xTaskResumeAll                        
000012f8  xTaskGetTickCount                     
00001314  xTaskGetTickCountFromISR              
00001338  uxTaskGetNumberOfTasks                
00001344  pcTaskGetName                         
00001518  xTaskGetHandle                        
00001620  xTaskGetIdleTaskHandle                
00001658  vTaskStepTick                         
000016b4  xTaskAbortDelay                       
000017b0  xTaskIncrementTick                    
000019d8  vTaskSwitchContext                    
00001ab8  vTaskPlaceOnEventList                 
00001afc  vTaskPlaceOnUnorderedEventList        
00001b80  xTaskRemoveFromEventList              
00001c70  xTaskRemoveFromUnorderedEventList     
00001d74  vTaskSetTimeOutState                  
00001db8  xTaskCheckForTimeOut                  
00001ef0  vTaskMissedYield                      
00001f00  eTaskConfirmSleepModeStatus           
00001f7c  vTaskSetThreadLocalStoragePointer     
00001fe0  pvTaskGetThreadLocalStoragePointer    
0000204c  vTaskAllocateMPURegions               
00002224  uxTaskGetStackHighWaterMark           
000022ec  xTaskGetSchedulerState                
0000233c  uxTaskResetEventItemValue             
00002378  ulTaskNotifyTake                      
0000244c  xTaskNotifyWait                       
00002560  xTaskGenericNotify                    
00002730  xTaskGenericNotifyFromISR             
00002930  vTaskNotifyGiveFromISR                
00002bd8  xQueueGenericReset                    
00002d00  xQueueGenericCreate                   
00002e1c  xQueueGenericSend                     
000030dc  xQueueGenericSendFromISR              
0000326c  xQueueGiveFromISR                     
000033d8  xQueueGenericReceive                  
000036ac  xQueueReceiveFromISR                  
000037f4  xQueuePeekFromISR                     
000038e8  uxQueueMessagesWaiting                
00003920  uxQueueSpacesAvailable                
0000396c  uxQueueMessagesWaitingFromISR         
0000399c  vQueueDelete                          
00003cd0  xQueueIsQueueEmptyFromISR             
00003d5c  xQueueIsQueueFullFromISR              
00003dac  xEventGroupCreate                     
00003de8  xEventGroupSync                       
00003fe8  xEventGroupWaitBits                   
00004238  xEventGroupClearBits                  
000042bc  xEventGroupGetBitsFromISR             
000042ec  xEventGroupSetBits                    
0000449c  vEventGroupDelete                     
00004520  vEventGroupSetBitsCallback            
0000453c  vEventGroupClearBitsCallback          
000045c8  vPortStartFirstTask                   
00004658  vPortYieldProcessor                   
00004744  vPortYeildWithinAPI                   
00004838  vPortPreemptiveTick                   
00004938  vPortInitialiseFPSCR                  
00004944  ulPortCountLeadingZeros               
0000494c  vPortSWI                              
00004a28  prvMpuSetRegion                       
00004a40  prvMpuEnable                          
00004a58  prvMpuDisable                         
00004a80  pxPortInitialiseStack                 
00004b94  vPortStoreTaskMPUSettings             
00004e08  xPortStartScheduler                   
00004e28  vPortEndScheduler                     
00004e5c  pvPortMalloc                          
000050b0  vPortFree                             
000051a8  xPortGetFreeHeapSize                  
000051b4  xPortGetMinimumEverFreeHeapSize       
000051c0  vPortInitialiseBlocks                 
000051e0  __TI_Handler_Table_Base               
000051ec  __TI_Handler_Table_Limit              
00005210  __TI_CINIT_Base                       
00005230  __TI_CINIT_Limit                      
00008020  muxInit                               
000089e0  MPU_xTaskCreate                       
00008a44  MPU_xTaskCreateRestricted             
00008a88  MPU_vTaskAllocateMPURegions           
00008abc  MPU_vTaskDelete                       
00008ae8  MPU_vTaskDelay                        
00008b14  MPU_vTaskDelayUntil                   
00008b48  MPU_xTaskAbortDelay                   
00008b7c  MPU_uxTaskPriorityGet                 
00008bb0  MPU_eTaskGetState                     
00008be4  MPU_vTaskPrioritySet                  
00008c18  MPU_vTaskSuspend                      
00008c44  MPU_vTaskResume                       
00008c70  MPU_vTaskSuspendAll                   
00008c94  MPU_xTaskResumeAll                    
00008cc0  MPU_xTaskGetTickCount                 
00008cec  MPU_uxTaskGetNumberOfTasks            
00008d18  MPU_pcTaskGetName                     
00008d4c  MPU_xTaskGetHandle                    
00008d80  MPU_uxTaskGetStackHighWaterMark       
00008db4  MPU_vTaskSetThreadLocalStoragePointer 
00008df8  MPU_pvTaskGetThreadLocalStoragePointer
00008e3c  MPU_xTaskGetIdleTaskHandle            
00008e68  MPU_xTaskGenericNotify                
00008ebc  MPU_xTaskNotifyWait                   
00008f10  MPU_ulTaskNotifyTake                  
00008f54  MPU_xTaskNotifyStateClear             
00008f88  MPU_vTaskSetTimeOutState              
00008fb4  MPU_xTaskCheckForTimeOut              
00008ff8  MPU_xTaskGetSchedulerState            
00009024  MPU_xQueueGenericSend                 
00009078  MPU_xQueueGenericReceive              
000090cc  MPU_uxQueueMessagesWaiting            
00009100  MPU_uxQueueSpacesAvailable            
00009134  MPU_vQueueDelete                      
00009160  MPU_xQueueGenericCreate               
000091ac  MPU_xQueueGenericReset                
000091f0  MPU_xEventGroupCreate                 
0000921c  MPU_xEventGroupWaitBits               
00009278  MPU_xEventGroupClearBits              
000092bc  MPU_xEventGroupSetBits                
00009300  MPU_xEventGroupSync                   
00009354  MPU_vEventGroupDelete                 
00009380  setupPLL                              
000093e0  trimLPO                               
00009454  setupFlash                            
00009494  periphInit                            
00009548  mapClocks                             
00009674  systemInit                            
000096e8  systemPowerDown                       
00009718  getResetSource                        
00009840  systemGetConfigValue                  
00009c70  customTrimLPO                         
00009d18  vimInit                               
00009dec  vimChannelMap                         
00009e90  vimEnableInterrupt                    
0000a058  vimDisableInterrupt                   
0000a104  vimGetConfigValue                     
0000a654  esmInit                               
0000a7b0  esmError                              
0000a7cc  esmEnableError                        
0000a7f4  esmEnableErrorUpper                   
0000a810  esmDisableError                       
0000a838  esmDisableErrorUpper                  
0000a854  esmTriggerErrorPinReset               
0000a864  esmActivateNormalOperation            
0000a874  esmEnableInterrupt                    
0000a89c  esmEnableInterruptUpper               
0000a8b8  esmDisableInterrupt                   
0000a8e0  esmDisableInterruptUpper              
0000a8fc  esmSetInterruptLevel                  
0000a970  esmSetInterruptLevelUpper             
0000a9b0  esmClearStatus                        
0000a9f0  esmClearStatusUpper                   
0000aa14  esmClearStatusBuffer                  
0000aa30  esmSetCounterPreloadValue             
0000aa50  esmGetStatus                          
0000aad4  esmGetStatusUpper                     
0000ab1c  esmGetStatusBuffer                    
0000ab44  esmEnterSelfTest                      
0000abcc  esmSelfTestStatus                     
0000ac1c  esmGetConfigValue                     
0000ade0  _errata_SSWF021_45_both_plls          
0000afd4  _errata_SSWF021_45_pll1               
0000b14c  _errata_SSWF021_45_pll2               
0000b444  gioInit                               
0000b514  gioSetDirection                       
0000b534  gioSetBit                             
0000b584  gioSetPort                            
0000b5a4  gioGetBit                             
0000b5cc  gioGetPort                            
0000b5e4  gioToggleBit                          
0000b63c  gioEnableNotification                 
0000b6a4  gioDisableNotification                
0000b70c  gioGetConfigValue                     
0000b8c8  _coreInitRegisters_                   
0000b9d4  _coreInitStackPointer_                
0000ba20  _getCPSRValue_                        
0000ba28  _gotoCPUIdle_                         
0000ba40  _coreEnableVfp_                       
0000ba58  _coreEnableEventBusExport_            
0000ba68  _coreDisableEventBusExport_           
0000ba78  _coreEnableIrqVicOffset_              
0000ba88  _coreGetDataFault_                    
0000ba90  _coreClearDataFault_                  
0000ba9c  _coreGetInstructionFault_             
0000baa4  _coreClearInstructionFault_           
0000bab0  _coreGetDataFaultAddress_             
0000bab8  _coreClearDataFaultAddress_           
0000bac4  _coreGetInstructionFaultAddress_      
0000bacc  _coreClearInstructionFaultAddress_    
0000bad8  _coreGetAuxiliaryDataFault_           
0000bae0  _coreClearAuxiliaryDataFault_         
0000baec  _coreGetAuxiliaryInstructionFault_    
0000baf4  _coreClearAuxiliaryInstructionFault_  
0000bb00  _disable_IRQ_interrupt_               
0000bb08  _enable_IRQ_interrupt_                
0000bb10  _enable_interrupt_                    
0000bb18  _esmCcmErrorsClear_                   
0000bba0  _memInit_                             
0000bbd4  _checkMemInitOn_                      
0000bbf4  _cacheEnable_                         
0000bc38  _cacheDisable_                        
0000bc5c  _dCacheInvalidate_                    
0000bc70  _iCacheInvalidate_                    
0000bc84  __TI_PINIT_Base                       
0000bc88  __TI_PINIT_Limit                      
0000bc8c  _mpuInit_                             
0000bf44  _mpuEnable_                           
0000bf5c  _mpuDisable_                          
0000bf74  _mpuEnableBackgroundRegion_           
0000bf84  _mpuDisableBackgroundRegion_          
0000bf94  _mpuGetNumberOfRegions_               
0000bfa0  _mpuAreRegionsSeparate_               
0000bfac  _mpuSetRegion_                        
0000bfb4  _mpuGetRegion_                        
0000bfbc  _mpuSetRegionBaseAddress_             
0000bfc4  _mpuGetRegionBaseAddress_             
0000bfcc  _mpuSetRegionTypeAndPermission_       
0000bfd8  _mpuGetRegionType_                    
0000bfe4  _mpuGetRegionPermission_              
0000bff0  _mpuSetRegionSizeRegister_            
0000bff8  vimECCErrorHandler                    
0000c5ac  vListInitialise                       
0000c604  vListInitialiseItem                   
0000c620  vListInsertEnd                        
0000c694  vListInsert                           
0000c758  uxListRemove                          
0000c7e4  __aeabi_memcpy                        
0000c7e4  __aeabi_memcpy4                       
0000c7e4  __aeabi_memcpy8                       
0000c7e4  memcpy                                
0000c964  esmHighInterrupt                      
0000cbb8  xTaskNotifyStateClear                 
0000cd6c  _c_int00                              
0000ce44  __aeabi_memclr                        
0000ce44  __aeabi_memclr4                       
0000ce44  __aeabi_memclr8                       
0000ce48  __aeabi_memset                        
0000ce48  __aeabi_memset4                       
0000ce48  __aeabi_memset8                       
0000ce54  memset                                
0000cef4  esmGroup1Notification                 
0000cf08  esmGroup2Notification                 
0000cf1c  esmGroup3Notification                 
0000cf2c  dmaGroupANotification                 
0000cf40  adcNotification                       
0000cf54  gioNotification                       
0000cf68  etpwmNotification                     
0000cf78  etpwmTripNotification                 
0000cf8c  epcCAMFullNotification                
0000cf90  epcFIFOFullNotification               
0000cfa0  __TI_decompress_lzss                  
0000d030  LED_Task                              
0000d06c  main                                  
0000d0b4  __TI_auto_init_nobinit_nopinit        
0000d11c  strlen                                
0000d13c  __TI_decompress_none                  
0000d150  __TI_zero_init                        
0000d160  C$$EXIT                               
0000d160  abort                                 
0000d168  handlePLLLockFail                     
0000d16c  phantomInterrupt                      
080008d0  pxCurrentTCB                          
08001000  __start___llvm_prf_cnts               
08001000  __stop___llvm_prf_cnts                
08003010  ulCriticalNesting                     
08003014  ulTaskHasFPUContext                   
ffffffff  __TI_pprof_out_hndl                   
ffffffff  __TI_prof_data_size                   
ffffffff  __TI_prof_data_start                  
ffffffff  __binit__                             
ffffffff  __c_args__                            
ffffffff  binit                                 
UNDEFED   SHT$$INIT_ARRAY$$Base                 
UNDEFED   SHT$$INIT_ARRAY$$Limit                
UNDEFED   _system_post_cinit                    

[290 symbols]
