<?xml version="1.0" encoding="ISO-8859-1" ?>
<link_info>
   <banner>TI ARM Linker PC v20.2.7.LTS</banner>
   <copyright>Copyright (c) 1996-2018 Texas Instruments Incorporated</copyright>
   <link_time>0x64402883</link_time>
   <link_errors>0x0</link_errors>
   <output_file>Inverte_RTOS_Control_Sys.out</output_file>
   <entry_point>
      <name>_c_int00</name>
      <address>0x127a8</address>
   </entry_point>
   <input_file_list>
      <input_file id="fl-2">
         <path>.\source\</path>
         <kind>object</kind>
         <file>HL_adc.obj</file>
         <name>HL_adc.obj</name>
      </input_file>
      <input_file id="fl-3">
         <path>.\source\</path>
         <kind>object</kind>
         <file>HL_epc.obj</file>
         <name>HL_epc.obj</name>
      </input_file>
      <input_file id="fl-4">
         <path>.\source\</path>
         <kind>object</kind>
         <file>HL_errata.obj</file>
         <name>HL_errata.obj</name>
      </input_file>
      <input_file id="fl-5">
         <path>.\source\</path>
         <kind>object</kind>
         <file>HL_errata_SSWF021_45.obj</file>
         <name>HL_errata_SSWF021_45.obj</name>
      </input_file>
      <input_file id="fl-6">
         <path>.\source\</path>
         <kind>object</kind>
         <file>HL_esm.obj</file>
         <name>HL_esm.obj</name>
      </input_file>
      <input_file id="fl-7">
         <path>.\source\</path>
         <kind>object</kind>
         <file>HL_etpwm.obj</file>
         <name>HL_etpwm.obj</name>
      </input_file>
      <input_file id="fl-8">
         <path>.\source\</path>
         <kind>object</kind>
         <file>HL_gio.obj</file>
         <name>HL_gio.obj</name>
      </input_file>
      <input_file id="fl-9">
         <path>.\source\</path>
         <kind>object</kind>
         <file>HL_het.obj</file>
         <name>HL_het.obj</name>
      </input_file>
      <input_file id="fl-a">
         <path>.\source\</path>
         <kind>object</kind>
         <file>HL_nmpu.obj</file>
         <name>HL_nmpu.obj</name>
      </input_file>
      <input_file id="fl-b">
         <path>.\source\</path>
         <kind>object</kind>
         <file>HL_notification.obj</file>
         <name>HL_notification.obj</name>
      </input_file>
      <input_file id="fl-c">
         <path>.\source\</path>
         <kind>object</kind>
         <file>HL_pinmux.obj</file>
         <name>HL_pinmux.obj</name>
      </input_file>
      <input_file id="fl-d">
         <path>.\source\</path>
         <kind>object</kind>
         <file>HL_sci.obj</file>
         <name>HL_sci.obj</name>
      </input_file>
      <input_file id="fl-e">
         <path>.\source\</path>
         <kind>object</kind>
         <file>HL_sys_core.obj</file>
         <name>HL_sys_core.obj</name>
      </input_file>
      <input_file id="fl-f">
         <path>.\source\</path>
         <kind>object</kind>
         <file>HL_sys_dma.obj</file>
         <name>HL_sys_dma.obj</name>
      </input_file>
      <input_file id="fl-10">
         <path>.\source\</path>
         <kind>object</kind>
         <file>HL_sys_intvecs.obj</file>
         <name>HL_sys_intvecs.obj</name>
      </input_file>
      <input_file id="fl-11">
         <path>.\source\</path>
         <kind>object</kind>
         <file>HL_sys_main.obj</file>
         <name>HL_sys_main.obj</name>
      </input_file>
      <input_file id="fl-12">
         <path>.\source\</path>
         <kind>object</kind>
         <file>HL_sys_mpu.obj</file>
         <name>HL_sys_mpu.obj</name>
      </input_file>
      <input_file id="fl-13">
         <path>.\source\</path>
         <kind>object</kind>
         <file>HL_sys_pcr.obj</file>
         <name>HL_sys_pcr.obj</name>
      </input_file>
      <input_file id="fl-14">
         <path>.\source\</path>
         <kind>object</kind>
         <file>HL_sys_phantom.obj</file>
         <name>HL_sys_phantom.obj</name>
      </input_file>
      <input_file id="fl-15">
         <path>.\source\</path>
         <kind>object</kind>
         <file>HL_sys_pmm.obj</file>
         <name>HL_sys_pmm.obj</name>
      </input_file>
      <input_file id="fl-16">
         <path>.\source\</path>
         <kind>object</kind>
         <file>HL_sys_pmu.obj</file>
         <name>HL_sys_pmu.obj</name>
      </input_file>
      <input_file id="fl-17">
         <path>.\source\</path>
         <kind>object</kind>
         <file>HL_sys_startup.obj</file>
         <name>HL_sys_startup.obj</name>
      </input_file>
      <input_file id="fl-18">
         <path>.\source\</path>
         <kind>object</kind>
         <file>HL_sys_vim.obj</file>
         <name>HL_sys_vim.obj</name>
      </input_file>
      <input_file id="fl-19">
         <path>.\source\</path>
         <kind>object</kind>
         <file>HL_system.obj</file>
         <name>HL_system.obj</name>
      </input_file>
      <input_file id="fl-1a">
         <path>.\source\</path>
         <kind>object</kind>
         <file>os_croutine.obj</file>
         <name>os_croutine.obj</name>
      </input_file>
      <input_file id="fl-1b">
         <path>.\source\</path>
         <kind>object</kind>
         <file>os_event_groups.obj</file>
         <name>os_event_groups.obj</name>
      </input_file>
      <input_file id="fl-1c">
         <path>.\source\</path>
         <kind>object</kind>
         <file>os_heap.obj</file>
         <name>os_heap.obj</name>
      </input_file>
      <input_file id="fl-1d">
         <path>.\source\</path>
         <kind>object</kind>
         <file>os_list.obj</file>
         <name>os_list.obj</name>
      </input_file>
      <input_file id="fl-1e">
         <path>.\source\</path>
         <kind>object</kind>
         <file>os_mpu_wrappers.obj</file>
         <name>os_mpu_wrappers.obj</name>
      </input_file>
      <input_file id="fl-1f">
         <path>.\source\</path>
         <kind>object</kind>
         <file>os_port.obj</file>
         <name>os_port.obj</name>
      </input_file>
      <input_file id="fl-20">
         <path>.\source\</path>
         <kind>object</kind>
         <file>os_portasm.obj</file>
         <name>os_portasm.obj</name>
      </input_file>
      <input_file id="fl-21">
         <path>.\source\</path>
         <kind>object</kind>
         <file>os_queue.obj</file>
         <name>os_queue.obj</name>
      </input_file>
      <input_file id="fl-22">
         <path>.\source\</path>
         <kind>object</kind>
         <file>os_tasks.obj</file>
         <name>os_tasks.obj</name>
      </input_file>
      <input_file id="fl-23">
         <path>.\source\</path>
         <kind>object</kind>
         <file>os_timer.obj</file>
         <name>os_timer.obj</name>
      </input_file>
      <input_file id="fl-27">
         <kind>object</kind>
         <file>&lt;internal&gt;</file>
         <name>&lt;internal&gt;</name>
      </input_file>
      <input_file id="fl-dd">
         <path>C:\ti\ccs1220\ccs\tools\compiler\ti-cgt-arm_20.2.7.LTS\lib\</path>
         <kind>archive</kind>
         <file>rtsv7R4_A_le_v3D16_eabi.lib</file>
         <name>e_asin.c.obj</name>
      </input_file>
      <input_file id="fl-de">
         <path>C:\ti\ccs1220\ccs\tools\compiler\ti-cgt-arm_20.2.7.LTS\lib\</path>
         <kind>archive</kind>
         <file>rtsv7R4_A_le_v3D16_eabi.lib</file>
         <name>e_sqrt.c.obj</name>
      </input_file>
      <input_file id="fl-df">
         <path>C:\ti\ccs1220\ccs\tools\compiler\ti-cgt-arm_20.2.7.LTS\lib\</path>
         <kind>archive</kind>
         <file>rtsv7R4_A_le_v3D16_eabi.lib</file>
         <name>s_cos.c.obj</name>
      </input_file>
      <input_file id="fl-e0">
         <path>C:\ti\ccs1220\ccs\tools\compiler\ti-cgt-arm_20.2.7.LTS\lib\</path>
         <kind>archive</kind>
         <file>rtsv7R4_A_le_v3D16_eabi.lib</file>
         <name>s_floor.c.obj</name>
      </input_file>
      <input_file id="fl-e1">
         <path>C:\ti\ccs1220\ccs\tools\compiler\ti-cgt-arm_20.2.7.LTS\lib\</path>
         <kind>archive</kind>
         <file>rtsv7R4_A_le_v3D16_eabi.lib</file>
         <name>s_sin.c.obj</name>
      </input_file>
      <input_file id="fl-e2">
         <path>C:\ti\ccs1220\ccs\tools\compiler\ti-cgt-arm_20.2.7.LTS\lib\</path>
         <kind>archive</kind>
         <file>rtsv7R4_A_le_v3D16_eabi.lib</file>
         <name>memcpy32.asm.obj</name>
      </input_file>
      <input_file id="fl-e3">
         <path>C:\ti\ccs1220\ccs\tools\compiler\ti-cgt-arm_20.2.7.LTS\lib\</path>
         <kind>archive</kind>
         <file>rtsv7R4_A_le_v3D16_eabi.lib</file>
         <name>memset32.asm.obj</name>
      </input_file>
      <input_file id="fl-e4">
         <path>C:\ti\ccs1220\ccs\tools\compiler\ti-cgt-arm_20.2.7.LTS\lib\</path>
         <kind>archive</kind>
         <file>rtsv7R4_A_le_v3D16_eabi.lib</file>
         <name>u_div32.asm.obj</name>
      </input_file>
      <input_file id="fl-e5">
         <path>C:\ti\ccs1220\ccs\tools\compiler\ti-cgt-arm_20.2.7.LTS\lib\</path>
         <kind>archive</kind>
         <file>rtsv7R4_A_le_v3D16_eabi.lib</file>
         <name>autoinit.c.obj</name>
      </input_file>
      <input_file id="fl-e6">
         <path>C:\ti\ccs1220\ccs\tools\compiler\ti-cgt-arm_20.2.7.LTS\lib\</path>
         <kind>archive</kind>
         <file>rtsv7R4_A_le_v3D16_eabi.lib</file>
         <name>cpy_tbl.c.obj</name>
      </input_file>
      <input_file id="fl-e7">
         <path>C:\ti\ccs1220\ccs\tools\compiler\ti-cgt-arm_20.2.7.LTS\lib\</path>
         <kind>archive</kind>
         <file>rtsv7R4_A_le_v3D16_eabi.lib</file>
         <name>copy_zero_init.c.obj</name>
      </input_file>
      <input_file id="fl-e8">
         <path>C:\ti\ccs1220\ccs\tools\compiler\ti-cgt-arm_20.2.7.LTS\lib\</path>
         <kind>archive</kind>
         <file>rtsv7R4_A_le_v3D16_eabi.lib</file>
         <name>copy_decompress_none.c.obj</name>
      </input_file>
      <input_file id="fl-e9">
         <path>C:\ti\ccs1220\ccs\tools\compiler\ti-cgt-arm_20.2.7.LTS\lib\</path>
         <kind>archive</kind>
         <file>rtsv7R4_A_le_v3D16_eabi.lib</file>
         <name>copy_decompress_lzss.c.obj</name>
      </input_file>
      <input_file id="fl-ea">
         <path>C:\ti\ccs1220\ccs\tools\compiler\ti-cgt-arm_20.2.7.LTS\lib\</path>
         <kind>archive</kind>
         <file>rtsv7R4_A_le_v3D16_eabi.lib</file>
         <name>exit.c.obj</name>
      </input_file>
      <input_file id="fl-eb">
         <path>C:\ti\ccs1220\ccs\tools\compiler\ti-cgt-arm_20.2.7.LTS\lib\</path>
         <kind>archive</kind>
         <file>rtsv7R4_A_le_v3D16_eabi.lib</file>
         <name>_lock.c.obj</name>
      </input_file>
      <input_file id="fl-ec">
         <path>C:\ti\ccs1220\ccs\tools\compiler\ti-cgt-arm_20.2.7.LTS\lib\</path>
         <kind>archive</kind>
         <file>rtsv7R4_A_le_v3D16_eabi.lib</file>
         <name>strlen.c.obj</name>
      </input_file>
      <input_file id="fl-ed">
         <path>C:\ti\ccs1220\ccs\tools\compiler\ti-cgt-arm_20.2.7.LTS\lib\</path>
         <kind>archive</kind>
         <file>rtsv7R4_A_le_v3D16_eabi.lib</file>
         <name>k_rem_pio2.c.obj</name>
      </input_file>
      <input_file id="fl-ee">
         <path>C:\ti\ccs1220\ccs\tools\compiler\ti-cgt-arm_20.2.7.LTS\lib\</path>
         <kind>archive</kind>
         <file>rtsv7R4_A_le_v3D16_eabi.lib</file>
         <name>errno.c.obj</name>
      </input_file>
      <input_file id="fl-ef">
         <path>C:\ti\ccs1220\ccs\tools\compiler\ti-cgt-arm_20.2.7.LTS\lib\</path>
         <kind>archive</kind>
         <file>rtsv7R4_A_le_v3D16_eabi.lib</file>
         <name>k_cos.c.obj</name>
      </input_file>
      <input_file id="fl-f0">
         <path>C:\ti\ccs1220\ccs\tools\compiler\ti-cgt-arm_20.2.7.LTS\lib\</path>
         <kind>archive</kind>
         <file>rtsv7R4_A_le_v3D16_eabi.lib</file>
         <name>k_sin.c.obj</name>
      </input_file>
      <input_file id="fl-f1">
         <path>C:\ti\ccs1220\ccs\tools\compiler\ti-cgt-arm_20.2.7.LTS\lib\</path>
         <kind>archive</kind>
         <file>rtsv7R4_A_le_v3D16_eabi.lib</file>
         <name>s_scalbn.c.obj</name>
      </input_file>
      <input_file id="fl-f2">
         <path>C:\ti\ccs1220\ccs\tools\compiler\ti-cgt-arm_20.2.7.LTS\lib\</path>
         <kind>archive</kind>
         <file>rtsv7R4_A_le_v3D16_eabi.lib</file>
         <name>div0.asm.obj</name>
      </input_file>
      <input_file id="fl-f3">
         <path>C:\ti\ccs1220\ccs\tools\compiler\ti-cgt-arm_20.2.7.LTS\lib\</path>
         <kind>archive</kind>
         <file>rtsv7R4_A_le_v3D16_eabi.lib</file>
         <name>i_div32.asm.obj</name>
      </input_file>
      <input_file id="fl-f4">
         <path>C:\ti\ccs1220\ccs\tools\compiler\ti-cgt-arm_20.2.7.LTS\lib\</path>
         <kind>archive</kind>
         <file>rtsv7R4_A_le_v3D16_eabi.lib</file>
         <name>s_copysign.c.obj</name>
      </input_file>
   </input_file_list>
   <object_component_list>
      <object_component id="oc-2d">
         <name>.intvecs</name>
         <load_address>0x0</load_address>
         <run_address>0x0</run_address>
         <size>0x20</size>
         <input_file_ref idref="fl-10"/>
      </object_component>
      <object_component id="oc-158">
         <name>.kernelTEXT</name>
         <load_address>0x20</load_address>
         <run_address>0x20</run_address>
         <size>0x2c28</size>
         <input_file_ref idref="fl-22"/>
      </object_component>
      <object_component id="oc-211">
         <name>.kernelTEXT</name>
         <load_address>0x2c48</load_address>
         <run_address>0x2c48</run_address>
         <size>0x1264</size>
         <input_file_ref idref="fl-21"/>
      </object_component>
      <object_component id="oc-217">
         <name>.kernelTEXT</name>
         <load_address>0x3eac</load_address>
         <run_address>0x3eac</run_address>
         <size>0xab0</size>
         <input_file_ref idref="fl-23"/>
      </object_component>
      <object_component id="oc-21d">
         <name>.kernelTEXT</name>
         <load_address>0x495c</load_address>
         <run_address>0x495c</run_address>
         <size>0x818</size>
         <input_file_ref idref="fl-1b"/>
      </object_component>
      <object_component id="oc-a3">
         <name>.kernelTEXT</name>
         <load_address>0x5174</load_address>
         <run_address>0x5174</run_address>
         <size>0x4bc</size>
         <input_file_ref idref="fl-20"/>
      </object_component>
      <object_component id="oc-28c">
         <name>.kernelTEXT</name>
         <load_address>0x5630</load_address>
         <run_address>0x5630</run_address>
         <size>0x3dc</size>
         <input_file_ref idref="fl-1f"/>
      </object_component>
      <object_component id="oc-280">
         <name>.kernelTEXT</name>
         <load_address>0x5a0c</load_address>
         <run_address>0x5a0c</run_address>
         <size>0x37c</size>
         <input_file_ref idref="fl-1c"/>
      </object_component>
      <object_component id="oc-410">
         <name>.cinit..data.load</name>
         <load_address>0x5da0</load_address>
         <run_address>0x5da0</run_address>
         <size>0x16</size>
      </object_component>
      <object_component id="oc-40b">
         <name>__TI_handler_table</name>
         <load_address>0x5db8</load_address>
         <run_address>0x5db8</run_address>
         <size>0xc</size>
      </object_component>
      <object_component id="oc-40d">
         <name>.cinit..kernelBSS.load</name>
         <load_address>0x5dc4</load_address>
         <run_address>0x5dc4</run_address>
         <size>0x9</size>
      </object_component>
      <object_component id="oc-40f">
         <name>.cinit..bss.load</name>
         <load_address>0x5dd0</load_address>
         <run_address>0x5dd0</run_address>
         <size>0x8</size>
      </object_component>
      <object_component id="oc-40e">
         <name>.cinit..kernelHEAP.load</name>
         <load_address>0x5dd8</load_address>
         <run_address>0x5dd8</run_address>
         <size>0x8</size>
      </object_component>
      <object_component id="oc-40c">
         <name>__TI_cinit_table</name>
         <load_address>0x5de0</load_address>
         <run_address>0x5de0</run_address>
         <size>0x20</size>
      </object_component>
      <object_component id="oc-14c">
         <name>.text</name>
         <load_address>0x8020</load_address>
         <run_address>0x8020</run_address>
         <size>0x2350</size>
         <input_file_ref idref="fl-7"/>
      </object_component>
      <object_component id="oc-12e">
         <name>.text</name>
         <load_address>0xa370</load_address>
         <run_address>0xa370</run_address>
         <size>0xbbc</size>
         <input_file_ref idref="fl-1e"/>
      </object_component>
      <object_component id="oc-134">
         <name>.text</name>
         <load_address>0xaf2c</load_address>
         <run_address>0xaf2c</run_address>
         <size>0xaec</size>
         <input_file_ref idref="fl-2"/>
      </object_component>
      <object_component id="oc-90">
         <name>.text</name>
         <load_address>0xba18</load_address>
         <run_address>0xba18</run_address>
         <size>0xa54</size>
         <input_file_ref idref="fl-11"/>
      </object_component>
      <object_component id="oc-da">
         <name>.text</name>
         <load_address>0xc46c</load_address>
         <run_address>0xc46c</run_address>
         <size>0x9c0</size>
         <input_file_ref idref="fl-c"/>
      </object_component>
      <object_component id="oc-6c">
         <name>.text</name>
         <load_address>0xce2c</load_address>
         <run_address>0xce2c</run_address>
         <size>0x994</size>
         <input_file_ref idref="fl-19"/>
      </object_component>
      <object_component id="oc-39">
         <name>.text</name>
         <load_address>0xd7c0</load_address>
         <run_address>0xd7c0</run_address>
         <size>0x93c</size>
         <input_file_ref idref="fl-18"/>
      </object_component>
      <object_component id="oc-152">
         <name>.text</name>
         <load_address>0xe0fc</load_address>
         <run_address>0xe0fc</run_address>
         <size>0x870</size>
         <input_file_ref idref="fl-d"/>
      </object_component>
      <object_component id="oc-25e">
         <name>.text:__kernel_rem_pio2</name>
         <load_address>0xe96c</load_address>
         <run_address>0xe96c</run_address>
         <size>0x790</size>
         <input_file_ref idref="fl-ed"/>
      </object_component>
      <object_component id="oc-84">
         <name>.text</name>
         <load_address>0xf0fc</load_address>
         <run_address>0xf0fc</run_address>
         <size>0x78c</size>
         <input_file_ref idref="fl-6"/>
      </object_component>
      <object_component id="oc-72">
         <name>.text</name>
         <load_address>0xf888</load_address>
         <run_address>0xf888</run_address>
         <size>0x664</size>
         <input_file_ref idref="fl-5"/>
      </object_component>
      <object_component id="oc-140">
         <name>.text:cos</name>
         <load_address>0xfeec</load_address>
         <run_address>0xfeec</run_address>
         <size>0x4b8</size>
         <input_file_ref idref="fl-df"/>
      </object_component>
      <object_component id="oc-146">
         <name>.text:sin</name>
         <load_address>0x103a4</load_address>
         <run_address>0x103a4</run_address>
         <size>0x4b4</size>
         <input_file_ref idref="fl-e1"/>
      </object_component>
      <object_component id="oc-128">
         <name>.text</name>
         <load_address>0x10858</load_address>
         <run_address>0x10858</run_address>
         <size>0x484</size>
         <input_file_ref idref="fl-8"/>
      </object_component>
      <object_component id="oc-67">
         <name>.text</name>
         <load_address>0x10cdc</load_address>
         <run_address>0x10cdc</run_address>
         <size>0x3c4</size>
         <input_file_ref idref="fl-e"/>
      </object_component>
      <object_component id="oc-8a">
         <name>.text</name>
         <load_address>0x110a0</load_address>
         <run_address>0x110a0</run_address>
         <size>0x36c</size>
         <input_file_ref idref="fl-12"/>
      </object_component>
      <object_component id="oc-38">
         <name>.text:retain</name>
         <load_address>0x1140c</load_address>
         <run_address>0x1140c</run_address>
         <size>0x33c</size>
         <input_file_ref idref="fl-18"/>
      </object_component>
      <object_component id="oc-13a">
         <name>.text:asin</name>
         <load_address>0x11748</load_address>
         <run_address>0x11748</run_address>
         <size>0x2d8</size>
         <input_file_ref idref="fl-dd"/>
      </object_component>
      <object_component id="oc-345">
         <name>.text</name>
         <load_address>0x11a20</load_address>
         <run_address>0x11a20</run_address>
         <size>0x278</size>
         <input_file_ref idref="fl-1c"/>
      </object_component>
      <object_component id="oc-286">
         <name>.text</name>
         <load_address>0x11c98</load_address>
         <run_address>0x11c98</run_address>
         <size>0x238</size>
         <input_file_ref idref="fl-1d"/>
      </object_component>
      <object_component id="oc-4f">
         <name>.text</name>
         <load_address>0x11ed0</load_address>
         <run_address>0x11ed0</run_address>
         <size>0x180</size>
         <input_file_ref idref="fl-e2"/>
      </object_component>
      <object_component id="oc-24">
         <name>.text:retain</name>
         <load_address>0x12050</load_address>
         <run_address>0x12050</run_address>
         <size>0x178</size>
         <input_file_ref idref="fl-6"/>
      </object_component>
      <object_component id="oc-20b">
         <name>.text</name>
         <load_address>0x121c8</load_address>
         <run_address>0x121c8</run_address>
         <size>0x158</size>
         <input_file_ref idref="fl-22"/>
      </object_component>
      <object_component id="oc-355">
         <name>.text</name>
         <load_address>0x12320</load_address>
         <run_address>0x12320</run_address>
         <size>0x138</size>
         <input_file_ref idref="fl-1f"/>
      </object_component>
      <object_component id="oc-275">
         <name>.text:floor</name>
         <load_address>0x12458</load_address>
         <run_address>0x12458</run_address>
         <size>0x134</size>
         <input_file_ref idref="fl-e0"/>
      </object_component>
      <object_component id="oc-317">
         <name>.text:scalbn</name>
         <load_address>0x1258c</load_address>
         <run_address>0x1258c</run_address>
         <size>0x11c</size>
         <input_file_ref idref="fl-f1"/>
      </object_component>
      <object_component id="oc-7e">
         <name>.text</name>
         <load_address>0x126a8</load_address>
         <run_address>0x126a8</run_address>
         <size>0x100</size>
         <input_file_ref idref="fl-b"/>
      </object_component>
      <object_component id="oc-1e">
         <name>.text:retain</name>
         <load_address>0x127a8</load_address>
         <run_address>0x127a8</run_address>
         <size>0xd8</size>
         <input_file_ref idref="fl-17"/>
      </object_component>
      <object_component id="oc-258">
         <name>.text:__kernel_cos</name>
         <load_address>0x12880</load_address>
         <run_address>0x12880</run_address>
         <size>0xc4</size>
         <input_file_ref idref="fl-ef"/>
      </object_component>
      <object_component id="oc-264">
         <name>.text:__kernel_sin</name>
         <load_address>0x12944</load_address>
         <run_address>0x12944</run_address>
         <size>0xb4</size>
         <input_file_ref idref="fl-f0"/>
      </object_component>
      <object_component id="oc-d3">
         <name>.text</name>
         <load_address>0x129f8</load_address>
         <run_address>0x129f8</run_address>
         <size>0xb0</size>
         <input_file_ref idref="fl-e3"/>
      </object_component>
      <object_component id="oc-11">
         <name>.text:decompress:lzss:__TI_decompress_lzss</name>
         <load_address>0x12aa8</load_address>
         <run_address>0x12aa8</run_address>
         <size>0x90</size>
         <input_file_ref idref="fl-e9"/>
      </object_component>
      <object_component id="oc-f8">
         <name>.text:__TI_auto_init_nobinit_nopinit:__TI_auto_init_nobinit_nopinit</name>
         <load_address>0x12b38</load_address>
         <run_address>0x12b38</run_address>
         <size>0x68</size>
         <input_file_ref idref="fl-e5"/>
      </object_component>
      <object_component id="oc-312">
         <name>.text</name>
         <load_address>0x12ba0</load_address>
         <run_address>0x12ba0</run_address>
         <size>0x54</size>
         <input_file_ref idref="fl-f3"/>
      </object_component>
      <object_component id="oc-245">
         <name>.text:sqrt</name>
         <load_address>0x12bf4</load_address>
         <run_address>0x12bf4</run_address>
         <size>0x38</size>
         <input_file_ref idref="fl-de"/>
      </object_component>
      <object_component id="oc-3ad">
         <name>.text:copysign</name>
         <load_address>0x12c2c</load_address>
         <run_address>0x12c2c</run_address>
         <size>0x28</size>
         <input_file_ref idref="fl-f4"/>
      </object_component>
      <object_component id="oc-295">
         <name>.text:strlen</name>
         <load_address>0x12c54</load_address>
         <run_address>0x12c54</run_address>
         <size>0x20</size>
         <input_file_ref idref="fl-ec"/>
      </object_component>
      <object_component id="oc-17">
         <name>.text:decompress:none:__TI_decompress_none</name>
         <load_address>0x12c74</load_address>
         <run_address>0x12c74</run_address>
         <size>0x14</size>
         <input_file_ref idref="fl-e8"/>
      </object_component>
      <object_component id="oc-61">
         <name>.text:decompress:ZI:__TI_zero_init</name>
         <load_address>0x12c88</load_address>
         <run_address>0x12c88</run_address>
         <size>0x10</size>
         <input_file_ref idref="fl-e7"/>
      </object_component>
      <object_component id="oc-24b">
         <name>.text:__aeabi_errno_addr</name>
         <load_address>0x12c98</load_address>
         <run_address>0x12c98</run_address>
         <size>0xc</size>
         <input_file_ref idref="fl-ee"/>
      </object_component>
      <object_component id="oc-16e">
         <name>.text:abort:abort</name>
         <load_address>0x12ca4</load_address>
         <run_address>0x12ca4</run_address>
         <size>0x8</size>
         <input_file_ref idref="fl-ea"/>
      </object_component>
      <object_component id="oc-78">
         <name>.text</name>
         <load_address>0x12cac</load_address>
         <run_address>0x12cac</run_address>
         <size>0x4</size>
         <input_file_ref idref="fl-17"/>
      </object_component>
      <object_component id="oc-32">
         <name>.text:retain</name>
         <load_address>0x12cb0</load_address>
         <run_address>0x12cb0</run_address>
         <size>0x4</size>
         <input_file_ref idref="fl-14"/>
      </object_component>
      <object_component id="oc-3a7">
         <name>.text</name>
         <load_address>0x12cb4</load_address>
         <run_address>0x12cb4</run_address>
         <size>0x4</size>
         <input_file_ref idref="fl-f2"/>
      </object_component>
      <object_component id="oc-2a">
         <name>.const:s_vim_init</name>
         <load_address>0x12cc0</load_address>
         <run_address>0x12cc0</run_address>
         <size>0x200</size>
         <input_file_ref idref="fl-18"/>
      </object_component>
      <object_component id="oc-320">
         <name>.const:ipio2</name>
         <load_address>0x12ec0</load_address>
         <run_address>0x12ec0</run_address>
         <size>0x108</size>
         <input_file_ref idref="fl-ed"/>
      </object_component>
      <object_component id="oc-323">
         <name>.const:PIo2</name>
         <load_address>0x12fc8</load_address>
         <run_address>0x12fc8</run_address>
         <size>0x40</size>
         <input_file_ref idref="fl-ed"/>
      </object_component>
      <object_component id="oc-23e">
         <name>.const:s_adcFiFoSize</name>
         <load_address>0x13008</load_address>
         <run_address>0x13008</run_address>
         <size>0x18</size>
         <input_file_ref idref="fl-2"/>
      </object_component>
      <object_component id="oc-241">
         <name>.const:s_adcSelect</name>
         <load_address>0x13020</load_address>
         <run_address>0x13020</run_address>
         <size>0x18</size>
         <input_file_ref idref="fl-2"/>
      </object_component>
      <object_component id="oc-31d">
         <name>.const:init_jk</name>
         <load_address>0x13038</load_address>
         <run_address>0x13038</run_address>
         <size>0x10</size>
         <input_file_ref idref="fl-ed"/>
      </object_component>
      <object_component id="oc-17f">
         <name>.kernelBSS:init</name>
         <load_address>0x80008d0</load_address>
         <run_address>0x80008d0</run_address>
         <size>0x34</size>
         <input_file_ref idref="fl-22"/>
      </object_component>
      <object_component id="oc-292">
         <name>.kernelBSS:uninit</name>
         <load_address>0x8000800</load_address>
         <run_address>0x8000800</run_address>
         <size>0xd0</size>
         <input_file_ref idref="fl-22"/>
      </object_component>
      <object_component id="oc-2f1">
         <name>.kernelBSS:uninit</name>
         <load_address>0x8000904</load_address>
         <run_address>0x8000904</run_address>
         <size>0x30</size>
         <input_file_ref idref="fl-23"/>
      </object_component>
      <object_component id="oc-2ee">
         <name>.kernelBSS:init</name>
         <load_address>0x8000934</load_address>
         <run_address>0x8000934</run_address>
         <size>0xc</size>
         <input_file_ref idref="fl-23"/>
      </object_component>
      <object_component id="oc-3c6">
         <name>.kernelHEAP</name>
         <uninitialized>true</uninitialized>
         <run_address>0x8001000</run_address>
         <size>0x2000</size>
         <input_file_ref idref="fl-1c"/>
      </object_component>
      <object_component id="oc-27b">
         <name>.bss:g_sciTransfer_t</name>
         <uninitialized>true</uninitialized>
         <run_address>0x8003000</run_address>
         <size>0x50</size>
         <input_file_ref idref="fl-d"/>
      </object_component>
      <object_component id="oc-165">
         <name>.bss</name>
         <uninitialized>true</uninitialized>
         <run_address>0x8003068</run_address>
         <size>0x8</size>
         <input_file_ref idref="fl-11"/>
      </object_component>
      <object_component id="oc-164">
         <name>.bss:adc_input$1</name>
         <uninitialized>true</uninitialized>
         <run_address>0x8003050</run_address>
         <size>0x18</size>
         <input_file_ref idref="fl-11"/>
      </object_component>
      <object_component id="oc-34e">
         <name>.bss:xStart</name>
         <uninitialized>true</uninitialized>
         <run_address>0x8003070</run_address>
         <size>0x8</size>
         <input_file_ref idref="fl-1c"/>
      </object_component>
      <object_component id="oc-15e">
         <name>.common:theta_address</name>
         <uninitialized>true</uninitialized>
         <run_address>0x8003078</run_address>
         <size>0x4</size>
      </object_component>
      <object_component id="oc-161">
         <name>.data</name>
         <load_address>0x8003080</load_address>
         <run_address>0x8003080</run_address>
         <size>0x60</size>
         <input_file_ref idref="fl-11"/>
      </object_component>
      <object_component id="oc-34b">
         <name>.data</name>
         <load_address>0x80030e0</load_address>
         <run_address>0x80030e0</run_address>
         <size>0x10</size>
         <input_file_ref idref="fl-1c"/>
      </object_component>
      <object_component id="oc-182">
         <name>.data</name>
         <load_address>0x80030f0</load_address>
         <run_address>0x80030f0</run_address>
         <size>0x8</size>
         <input_file_ref idref="fl-1f"/>
      </object_component>
      <object_component id="oc-305">
         <name>.data</name>
         <load_address>0x80030f8</load_address>
         <run_address>0x80030f8</run_address>
         <size>0x4</size>
         <input_file_ref idref="fl-ee"/>
      </object_component>
      <object_component id="oc-1b5">
         <name>.debug_info</name>
         <load_address>0x0</load_address>
         <run_address>0x0</run_address>
         <size>0x356</size>
         <input_file_ref idref="fl-2"/>
      </object_component>
      <object_component id="oc-242">
         <name>.debug_info</name>
         <load_address>0x356</load_address>
         <run_address>0x356</run_address>
         <size>0x10d</size>
         <input_file_ref idref="fl-2"/>
      </object_component>
      <object_component id="oc-23f">
         <name>.debug_info</name>
         <load_address>0x463</load_address>
         <run_address>0x463</run_address>
         <size>0x112</size>
         <input_file_ref idref="fl-2"/>
      </object_component>
      <object_component id="oc-136">
         <name>.debug_info</name>
         <load_address>0x575</load_address>
         <run_address>0x575</run_address>
         <size>0xbde</size>
         <input_file_ref idref="fl-2"/>
      </object_component>
      <object_component id="oc-1d5">
         <name>.debug_info</name>
         <load_address>0x1153</load_address>
         <run_address>0x1153</run_address>
         <size>0x791</size>
         <input_file_ref idref="fl-2"/>
      </object_component>
      <object_component id="oc-188">
         <name>.debug_info</name>
         <load_address>0x18e4</load_address>
         <run_address>0x18e4</run_address>
         <size>0x26b</size>
         <input_file_ref idref="fl-2"/>
      </object_component>
      <object_component id="oc-9e">
         <name>.debug_info</name>
         <load_address>0x1b4f</load_address>
         <run_address>0x1b4f</run_address>
         <size>0x157</size>
         <input_file_ref idref="fl-2"/>
      </object_component>
      <object_component id="oc-b3">
         <name>.debug_info</name>
         <load_address>0x1ca6</load_address>
         <run_address>0x1ca6</run_address>
         <size>0x8b</size>
         <input_file_ref idref="fl-2"/>
      </object_component>
      <object_component id="oc-ae">
         <name>.debug_info</name>
         <load_address>0x1d31</load_address>
         <run_address>0x1d31</run_address>
         <size>0x18c</size>
         <input_file_ref idref="fl-2"/>
      </object_component>
      <object_component id="oc-2bc">
         <name>.debug_info</name>
         <load_address>0x1ebd</load_address>
         <run_address>0x1ebd</run_address>
         <size>0x2a4</size>
         <input_file_ref idref="fl-2"/>
      </object_component>
      <object_component id="oc-17a">
         <name>.debug_info</name>
         <load_address>0x2161</load_address>
         <run_address>0x2161</run_address>
         <size>0xbb</size>
         <input_file_ref idref="fl-2"/>
      </object_component>
      <object_component id="oc-b8">
         <name>.debug_info</name>
         <load_address>0x221c</load_address>
         <run_address>0x221c</run_address>
         <size>0x86</size>
         <input_file_ref idref="fl-2"/>
      </object_component>
      <object_component id="oc-29f">
         <name>.debug_info</name>
         <load_address>0x22a2</load_address>
         <run_address>0x22a2</run_address>
         <size>0x38f</size>
         <input_file_ref idref="fl-2"/>
      </object_component>
      <object_component id="oc-1ab">
         <name>.debug_info</name>
         <load_address>0x2631</load_address>
         <run_address>0x2631</run_address>
         <size>0x36d</size>
         <input_file_ref idref="fl-2"/>
      </object_component>
      <object_component id="oc-2c5">
         <name>.debug_info</name>
         <load_address>0x299e</load_address>
         <run_address>0x299e</run_address>
         <size>0x3af</size>
         <input_file_ref idref="fl-3"/>
      </object_component>
      <object_component id="oc-98">
         <name>.debug_info</name>
         <load_address>0x2d4d</load_address>
         <run_address>0x2d4d</run_address>
         <size>0x429</size>
         <input_file_ref idref="fl-3"/>
      </object_component>
      <object_component id="oc-18d">
         <name>.debug_info</name>
         <load_address>0x3176</load_address>
         <run_address>0x3176</run_address>
         <size>0x102</size>
         <input_file_ref idref="fl-3"/>
      </object_component>
      <object_component id="oc-1e4">
         <name>.debug_info</name>
         <load_address>0x3278</load_address>
         <run_address>0x3278</run_address>
         <size>0x142</size>
         <input_file_ref idref="fl-3"/>
      </object_component>
      <object_component id="oc-192">
         <name>.debug_info</name>
         <load_address>0x33ba</load_address>
         <run_address>0x33ba</run_address>
         <size>0x285</size>
         <input_file_ref idref="fl-3"/>
      </object_component>
      <object_component id="oc-197">
         <name>.debug_info</name>
         <load_address>0x363f</load_address>
         <run_address>0x363f</run_address>
         <size>0x44a</size>
         <input_file_ref idref="fl-3"/>
      </object_component>
      <object_component id="oc-19c">
         <name>.debug_info</name>
         <load_address>0x3a89</load_address>
         <run_address>0x3a89</run_address>
         <size>0x1f9</size>
         <input_file_ref idref="fl-3"/>
      </object_component>
      <object_component id="oc-1a1">
         <name>.debug_info</name>
         <load_address>0x3c82</load_address>
         <run_address>0x3c82</run_address>
         <size>0x152</size>
         <input_file_ref idref="fl-3"/>
      </object_component>
      <object_component id="oc-1a6">
         <name>.debug_info</name>
         <load_address>0x3dd4</load_address>
         <run_address>0x3dd4</run_address>
         <size>0x70a</size>
         <input_file_ref idref="fl-3"/>
      </object_component>
      <object_component id="oc-1d2">
         <name>.debug_info</name>
         <load_address>0x44de</load_address>
         <run_address>0x44de</run_address>
         <size>0x2e9</size>
         <input_file_ref idref="fl-5"/>
      </object_component>
      <object_component id="oc-75">
         <name>.debug_info</name>
         <load_address>0x47c7</load_address>
         <run_address>0x47c7</run_address>
         <size>0x688</size>
         <input_file_ref idref="fl-5"/>
      </object_component>
      <object_component id="oc-4a">
         <name>.debug_info</name>
         <load_address>0x4e4f</load_address>
         <run_address>0x4e4f</run_address>
         <size>0x84</size>
         <input_file_ref idref="fl-5"/>
      </object_component>
      <object_component id="oc-e3">
         <name>.debug_info</name>
         <load_address>0x4ed3</load_address>
         <run_address>0x4ed3</run_address>
         <size>0x9e7</size>
         <input_file_ref idref="fl-5"/>
      </object_component>
      <object_component id="oc-f6">
         <name>.debug_info</name>
         <load_address>0x58ba</load_address>
         <run_address>0x58ba</run_address>
         <size>0x37b</size>
         <input_file_ref idref="fl-6"/>
      </object_component>
      <object_component id="oc-85">
         <name>.debug_info</name>
         <load_address>0x5c35</load_address>
         <run_address>0x5c35</run_address>
         <size>0x10f0</size>
         <input_file_ref idref="fl-6"/>
      </object_component>
      <object_component id="oc-25">
         <name>.debug_info</name>
         <load_address>0x6d25</load_address>
         <run_address>0x6d25</run_address>
         <size>0x1d8</size>
         <input_file_ref idref="fl-6"/>
      </object_component>
      <object_component id="oc-f1">
         <name>.debug_info</name>
         <load_address>0x6efd</load_address>
         <run_address>0x6efd</run_address>
         <size>0x168</size>
         <input_file_ref idref="fl-6"/>
      </object_component>
      <object_component id="oc-26f">
         <name>.debug_info</name>
         <load_address>0x7065</load_address>
         <run_address>0x7065</run_address>
         <size>0x337</size>
         <input_file_ref idref="fl-7"/>
      </object_component>
      <object_component id="oc-14f">
         <name>.debug_info</name>
         <load_address>0x739c</load_address>
         <run_address>0x739c</run_address>
         <size>0x2888</size>
         <input_file_ref idref="fl-7"/>
      </object_component>
      <object_component id="oc-270">
         <name>.debug_info</name>
         <load_address>0x9c24</load_address>
         <run_address>0x9c24</run_address>
         <size>0xc6d</size>
         <input_file_ref idref="fl-7"/>
      </object_component>
      <object_component id="oc-1e9">
         <name>.debug_info</name>
         <load_address>0xa891</load_address>
         <run_address>0xa891</run_address>
         <size>0x396</size>
         <input_file_ref idref="fl-7"/>
      </object_component>
      <object_component id="oc-1cd">
         <name>.debug_info</name>
         <load_address>0xac27</load_address>
         <run_address>0xac27</run_address>
         <size>0x199</size>
         <input_file_ref idref="fl-7"/>
      </object_component>
      <object_component id="oc-20a">
         <name>.debug_info</name>
         <load_address>0xadc0</load_address>
         <run_address>0xadc0</run_address>
         <size>0x2e0</size>
         <input_file_ref idref="fl-8"/>
      </object_component>
      <object_component id="oc-129">
         <name>.debug_info</name>
         <load_address>0xb0a0</load_address>
         <run_address>0xb0a0</run_address>
         <size>0x74a</size>
         <input_file_ref idref="fl-8"/>
      </object_component>
      <object_component id="oc-2e1">
         <name>.debug_info</name>
         <load_address>0xb7ea</load_address>
         <run_address>0xb7ea</run_address>
         <size>0x12a</size>
         <input_file_ref idref="fl-8"/>
      </object_component>
      <object_component id="oc-2cb">
         <name>.debug_info</name>
         <load_address>0xb914</load_address>
         <run_address>0xb914</run_address>
         <size>0x33c</size>
         <input_file_ref idref="fl-9"/>
      </object_component>
      <object_component id="oc-1bd">
         <name>.debug_info</name>
         <load_address>0xbc50</load_address>
         <run_address>0xbc50</run_address>
         <size>0x2c</size>
         <input_file_ref idref="fl-9"/>
      </object_component>
      <object_component id="oc-1df">
         <name>.debug_info</name>
         <load_address>0xbc7c</load_address>
         <run_address>0xbc7c</run_address>
         <size>0x35</size>
         <input_file_ref idref="fl-9"/>
      </object_component>
      <object_component id="oc-1ee">
         <name>.debug_info</name>
         <load_address>0xbcb1</load_address>
         <run_address>0xbcb1</run_address>
         <size>0x3d3</size>
         <input_file_ref idref="fl-9"/>
      </object_component>
      <object_component id="oc-37c">
         <name>.debug_info</name>
         <load_address>0xc084</load_address>
         <run_address>0xc084</run_address>
         <size>0x2e3</size>
         <input_file_ref idref="fl-9"/>
      </object_component>
      <object_component id="oc-ea">
         <name>.debug_info</name>
         <load_address>0xc367</load_address>
         <run_address>0xc367</run_address>
         <size>0x423</size>
         <input_file_ref idref="fl-b"/>
      </object_component>
      <object_component id="oc-80">
         <name>.debug_info</name>
         <load_address>0xc78a</load_address>
         <run_address>0xc78a</run_address>
         <size>0xba7</size>
         <input_file_ref idref="fl-b"/>
      </object_component>
      <object_component id="oc-1da">
         <name>.debug_info</name>
         <load_address>0xd331</load_address>
         <run_address>0xd331</run_address>
         <size>0xadd</size>
         <input_file_ref idref="fl-b"/>
      </object_component>
      <object_component id="oc-eb">
         <name>.debug_info</name>
         <load_address>0xde0e</load_address>
         <run_address>0xde0e</run_address>
         <size>0x6eb</size>
         <input_file_ref idref="fl-b"/>
      </object_component>
      <object_component id="oc-1f3">
         <name>.debug_info</name>
         <load_address>0xe4f9</load_address>
         <run_address>0xe4f9</run_address>
         <size>0x243</size>
         <input_file_ref idref="fl-b"/>
      </object_component>
      <object_component id="oc-340">
         <name>.debug_info</name>
         <load_address>0xe73c</load_address>
         <run_address>0xe73c</run_address>
         <size>0x18e</size>
         <input_file_ref idref="fl-b"/>
      </object_component>
      <object_component id="oc-dc">
         <name>.debug_info</name>
         <load_address>0xe8ca</load_address>
         <run_address>0xe8ca</run_address>
         <size>0x14c</size>
         <input_file_ref idref="fl-c"/>
      </object_component>
      <object_component id="oc-27f">
         <name>.debug_info</name>
         <load_address>0xea16</load_address>
         <run_address>0xea16</run_address>
         <size>0x32d</size>
         <input_file_ref idref="fl-d"/>
      </object_component>
      <object_component id="oc-27c">
         <name>.debug_info</name>
         <load_address>0xed43</load_address>
         <run_address>0xed43</run_address>
         <size>0x115</size>
         <input_file_ref idref="fl-d"/>
      </object_component>
      <object_component id="oc-153">
         <name>.debug_info</name>
         <load_address>0xee58</load_address>
         <run_address>0xee58</run_address>
         <size>0xccd</size>
         <input_file_ref idref="fl-d"/>
      </object_component>
      <object_component id="oc-33b">
         <name>.debug_info</name>
         <load_address>0xfb25</load_address>
         <run_address>0xfb25</run_address>
         <size>0x91</size>
         <input_file_ref idref="fl-d"/>
      </object_component>
      <object_component id="oc-68">
         <name>.debug_info</name>
         <load_address>0xfbb6</load_address>
         <run_address>0xfbb6</run_address>
         <size>0x83f</size>
         <input_file_ref idref="fl-e"/>
      </object_component>
      <object_component id="oc-2e">
         <name>.debug_info</name>
         <load_address>0x103f5</load_address>
         <run_address>0x103f5</run_address>
         <size>0x135</size>
         <input_file_ref idref="fl-10"/>
      </object_component>
      <object_component id="oc-15f">
         <name>.debug_info</name>
         <load_address>0x1052a</load_address>
         <run_address>0x1052a</run_address>
         <size>0x850</size>
         <input_file_ref idref="fl-11"/>
      </object_component>
      <object_component id="oc-162">
         <name>.debug_info</name>
         <load_address>0x10d7a</load_address>
         <run_address>0x10d7a</run_address>
         <size>0x340</size>
         <input_file_ref idref="fl-11"/>
      </object_component>
      <object_component id="oc-166">
         <name>.debug_info</name>
         <load_address>0x110ba</load_address>
         <run_address>0x110ba</run_address>
         <size>0x114</size>
         <input_file_ref idref="fl-11"/>
      </object_component>
      <object_component id="oc-91">
         <name>.debug_info</name>
         <load_address>0x111ce</load_address>
         <run_address>0x111ce</run_address>
         <size>0x906</size>
         <input_file_ref idref="fl-11"/>
      </object_component>
      <object_component id="oc-22f">
         <name>.debug_info</name>
         <load_address>0x11ad4</load_address>
         <run_address>0x11ad4</run_address>
         <size>0x30c</size>
         <input_file_ref idref="fl-11"/>
      </object_component>
      <object_component id="oc-2a9">
         <name>.debug_info</name>
         <load_address>0x11de0</load_address>
         <run_address>0x11de0</run_address>
         <size>0x379</size>
         <input_file_ref idref="fl-11"/>
      </object_component>
      <object_component id="oc-224">
         <name>.debug_info</name>
         <load_address>0x12159</load_address>
         <run_address>0x12159</run_address>
         <size>0xe1</size>
         <input_file_ref idref="fl-11"/>
      </object_component>
      <object_component id="oc-234">
         <name>.debug_info</name>
         <load_address>0x1223a</load_address>
         <run_address>0x1223a</run_address>
         <size>0x46</size>
         <input_file_ref idref="fl-11"/>
      </object_component>
      <object_component id="oc-169">
         <name>.debug_info</name>
         <load_address>0x12280</load_address>
         <run_address>0x12280</run_address>
         <size>0x46</size>
         <input_file_ref idref="fl-11"/>
      </object_component>
      <object_component id="oc-229">
         <name>.debug_info</name>
         <load_address>0x122c6</load_address>
         <run_address>0x122c6</run_address>
         <size>0x2c</size>
         <input_file_ref idref="fl-11"/>
      </object_component>
      <object_component id="oc-2a4">
         <name>.debug_info</name>
         <load_address>0x122f2</load_address>
         <run_address>0x122f2</run_address>
         <size>0x14c</size>
         <input_file_ref idref="fl-11"/>
      </object_component>
      <object_component id="oc-8c">
         <name>.debug_info</name>
         <load_address>0x1243e</load_address>
         <run_address>0x1243e</run_address>
         <size>0x46c</size>
         <input_file_ref idref="fl-12"/>
      </object_component>
      <object_component id="oc-2c8">
         <name>.debug_info</name>
         <load_address>0x128aa</load_address>
         <run_address>0x128aa</run_address>
         <size>0x323</size>
         <input_file_ref idref="fl-13"/>
      </object_component>
      <object_component id="oc-1c8">
         <name>.debug_info</name>
         <load_address>0x12bcd</load_address>
         <run_address>0x12bcd</run_address>
         <size>0x457</size>
         <input_file_ref idref="fl-13"/>
      </object_component>
      <object_component id="oc-36">
         <name>.debug_info</name>
         <load_address>0x13024</load_address>
         <run_address>0x13024</run_address>
         <size>0x16d</size>
         <input_file_ref idref="fl-14"/>
      </object_component>
      <object_component id="oc-1f">
         <name>.debug_info</name>
         <load_address>0x13191</load_address>
         <run_address>0x13191</run_address>
         <size>0x30d</size>
         <input_file_ref idref="fl-17"/>
      </object_component>
      <object_component id="oc-79">
         <name>.debug_info</name>
         <load_address>0x1349e</load_address>
         <run_address>0x1349e</run_address>
         <size>0x166</size>
         <input_file_ref idref="fl-17"/>
      </object_component>
      <object_component id="oc-aa">
         <name>.debug_info</name>
         <load_address>0x13604</load_address>
         <run_address>0x13604</run_address>
         <size>0x4da</size>
         <input_file_ref idref="fl-18"/>
      </object_component>
      <object_component id="oc-2b">
         <name>.debug_info</name>
         <load_address>0x13ade</load_address>
         <run_address>0x13ade</run_address>
         <size>0x10f</size>
         <input_file_ref idref="fl-18"/>
      </object_component>
      <object_component id="oc-3b">
         <name>.debug_info</name>
         <load_address>0x13bed</load_address>
         <run_address>0x13bed</run_address>
         <size>0x4bf</size>
         <input_file_ref idref="fl-18"/>
      </object_component>
      <object_component id="oc-40">
         <name>.debug_info</name>
         <load_address>0x140ac</load_address>
         <run_address>0x140ac</run_address>
         <size>0x22a</size>
         <input_file_ref idref="fl-18"/>
      </object_component>
      <object_component id="oc-1b0">
         <name>.debug_info</name>
         <load_address>0x142d6</load_address>
         <run_address>0x142d6</run_address>
         <size>0x4f</size>
         <input_file_ref idref="fl-18"/>
      </object_component>
      <object_component id="oc-e1">
         <name>.debug_info</name>
         <load_address>0x14325</load_address>
         <run_address>0x14325</run_address>
         <size>0x411</size>
         <input_file_ref idref="fl-19"/>
      </object_component>
      <object_component id="oc-6e">
         <name>.debug_info</name>
         <load_address>0x14736</load_address>
         <run_address>0x14736</run_address>
         <size>0x66c</size>
         <input_file_ref idref="fl-19"/>
      </object_component>
      <object_component id="oc-2fc">
         <name>.debug_info</name>
         <load_address>0x14da2</load_address>
         <run_address>0x14da2</run_address>
         <size>0x6a4</size>
         <input_file_ref idref="fl-1b"/>
      </object_component>
      <object_component id="oc-21e">
         <name>.debug_info</name>
         <load_address>0x15446</load_address>
         <run_address>0x15446</run_address>
         <size>0x14a2</size>
         <input_file_ref idref="fl-1b"/>
      </object_component>
      <object_component id="oc-2e9">
         <name>.debug_info</name>
         <load_address>0x168e8</load_address>
         <run_address>0x168e8</run_address>
         <size>0x110</size>
         <input_file_ref idref="fl-1b"/>
      </object_component>
      <object_component id="oc-239">
         <name>.debug_info</name>
         <load_address>0x169f8</load_address>
         <run_address>0x169f8</run_address>
         <size>0x39</size>
         <input_file_ref idref="fl-1b"/>
      </object_component>
      <object_component id="oc-39c">
         <name>.debug_info</name>
         <load_address>0x16a31</load_address>
         <run_address>0x16a31</run_address>
         <size>0x62</size>
         <input_file_ref idref="fl-1b"/>
      </object_component>
      <object_component id="oc-352">
         <name>.debug_info</name>
         <load_address>0x16a93</load_address>
         <run_address>0x16a93</run_address>
         <size>0x44c</size>
         <input_file_ref idref="fl-1c"/>
      </object_component>
      <object_component id="oc-3c7">
         <name>.debug_info</name>
         <load_address>0x16edf</load_address>
         <run_address>0x16edf</run_address>
         <size>0x104</size>
         <input_file_ref idref="fl-1c"/>
      </object_component>
      <object_component id="oc-34f">
         <name>.debug_info</name>
         <load_address>0x16fe3</load_address>
         <run_address>0x16fe3</run_address>
         <size>0x104</size>
         <input_file_ref idref="fl-1c"/>
      </object_component>
      <object_component id="oc-34c">
         <name>.debug_info</name>
         <load_address>0x170e7</load_address>
         <run_address>0x170e7</run_address>
         <size>0x1b8</size>
         <input_file_ref idref="fl-1c"/>
      </object_component>
      <object_component id="oc-283">
         <name>.debug_info</name>
         <load_address>0x1729f</load_address>
         <run_address>0x1729f</run_address>
         <size>0x561</size>
         <input_file_ref idref="fl-1c"/>
      </object_component>
      <object_component id="oc-348">
         <name>.debug_info</name>
         <load_address>0x17800</load_address>
         <run_address>0x17800</run_address>
         <size>0x2db</size>
         <input_file_ref idref="fl-1c"/>
      </object_component>
      <object_component id="oc-3ce">
         <name>.debug_info</name>
         <load_address>0x17adb</load_address>
         <run_address>0x17adb</run_address>
         <size>0x62</size>
         <input_file_ref idref="fl-1c"/>
      </object_component>
      <object_component id="oc-354">
         <name>.debug_info</name>
         <load_address>0x17b3d</load_address>
         <run_address>0x17b3d</run_address>
         <size>0x387</size>
         <input_file_ref idref="fl-1d"/>
      </object_component>
      <object_component id="oc-287">
         <name>.debug_info</name>
         <load_address>0x17ec4</load_address>
         <run_address>0x17ec4</run_address>
         <size>0x4e2</size>
         <input_file_ref idref="fl-1d"/>
      </object_component>
      <object_component id="oc-22e">
         <name>.debug_info</name>
         <load_address>0x183a6</load_address>
         <run_address>0x183a6</run_address>
         <size>0x1095</size>
         <input_file_ref idref="fl-1e"/>
      </object_component>
      <object_component id="oc-12f">
         <name>.debug_info</name>
         <load_address>0x1943b</load_address>
         <run_address>0x1943b</run_address>
         <size>0x47ec</size>
         <input_file_ref idref="fl-1e"/>
      </object_component>
      <object_component id="oc-35c">
         <name>.debug_info</name>
         <load_address>0x1dc27</load_address>
         <run_address>0x1dc27</run_address>
         <size>0x41e</size>
         <input_file_ref idref="fl-1f"/>
      </object_component>
      <object_component id="oc-183">
         <name>.debug_info</name>
         <load_address>0x1e045</load_address>
         <run_address>0x1e045</run_address>
         <size>0x152</size>
         <input_file_ref idref="fl-1f"/>
      </object_component>
      <object_component id="oc-28e">
         <name>.debug_info</name>
         <load_address>0x1e197</load_address>
         <run_address>0x1e197</run_address>
         <size>0x5cd</size>
         <input_file_ref idref="fl-1f"/>
      </object_component>
      <object_component id="oc-357">
         <name>.debug_info</name>
         <load_address>0x1e764</load_address>
         <run_address>0x1e764</run_address>
         <size>0x289</size>
         <input_file_ref idref="fl-1f"/>
      </object_component>
      <object_component id="oc-a6">
         <name>.debug_info</name>
         <load_address>0x1e9ed</load_address>
         <run_address>0x1e9ed</run_address>
         <size>0x508</size>
         <input_file_ref idref="fl-20"/>
      </object_component>
      <object_component id="oc-2e8">
         <name>.debug_info</name>
         <load_address>0x1eef5</load_address>
         <run_address>0x1eef5</run_address>
         <size>0x75f</size>
         <input_file_ref idref="fl-21"/>
      </object_component>
      <object_component id="oc-212">
         <name>.debug_info</name>
         <load_address>0x1f654</load_address>
         <run_address>0x1f654</run_address>
         <size>0x25f9</size>
         <input_file_ref idref="fl-21"/>
      </object_component>
      <object_component id="oc-38f">
         <name>.debug_info</name>
         <load_address>0x21c4d</load_address>
         <run_address>0x21c4d</run_address>
         <size>0x155</size>
         <input_file_ref idref="fl-21"/>
      </object_component>
      <object_component id="oc-29c">
         <name>.debug_info</name>
         <load_address>0x21da2</load_address>
         <run_address>0x21da2</run_address>
         <size>0x8b2</size>
         <input_file_ref idref="fl-22"/>
      </object_component>
      <object_component id="oc-180">
         <name>.debug_info</name>
         <load_address>0x22654</load_address>
         <run_address>0x22654</run_address>
         <size>0x375</size>
         <input_file_ref idref="fl-22"/>
      </object_component>
      <object_component id="oc-293">
         <name>.debug_info</name>
         <load_address>0x229c9</load_address>
         <run_address>0x229c9</run_address>
         <size>0x2a1</size>
         <input_file_ref idref="fl-22"/>
      </object_component>
      <object_component id="oc-159">
         <name>.debug_info</name>
         <load_address>0x22c6a</load_address>
         <run_address>0x22c6a</run_address>
         <size>0x4d8b</size>
         <input_file_ref idref="fl-22"/>
      </object_component>
      <object_component id="oc-20c">
         <name>.debug_info</name>
         <load_address>0x279f5</load_address>
         <run_address>0x279f5</run_address>
         <size>0x423</size>
         <input_file_ref idref="fl-22"/>
      </object_component>
      <object_component id="oc-363">
         <name>.debug_info</name>
         <load_address>0x27e18</load_address>
         <run_address>0x27e18</run_address>
         <size>0x146</size>
         <input_file_ref idref="fl-22"/>
      </object_component>
      <object_component id="oc-2f5">
         <name>.debug_info</name>
         <load_address>0x27f5e</load_address>
         <run_address>0x27f5e</run_address>
         <size>0x85c</size>
         <input_file_ref idref="fl-23"/>
      </object_component>
      <object_component id="oc-2f2">
         <name>.debug_info</name>
         <load_address>0x287ba</load_address>
         <run_address>0x287ba</run_address>
         <size>0x1b7</size>
         <input_file_ref idref="fl-23"/>
      </object_component>
      <object_component id="oc-2ef">
         <name>.debug_info</name>
         <load_address>0x28971</load_address>
         <run_address>0x28971</run_address>
         <size>0x13f</size>
         <input_file_ref idref="fl-23"/>
      </object_component>
      <object_component id="oc-218">
         <name>.debug_info</name>
         <load_address>0x28ab0</load_address>
         <run_address>0x28ab0</run_address>
         <size>0x1c96</size>
         <input_file_ref idref="fl-23"/>
      </object_component>
      <object_component id="oc-2f6">
         <name>.debug_info</name>
         <load_address>0x2a746</load_address>
         <run_address>0x2a746</run_address>
         <size>0x1ba</size>
         <input_file_ref idref="fl-23"/>
      </object_component>
      <object_component id="oc-252">
         <name>.debug_info</name>
         <load_address>0x2a900</load_address>
         <run_address>0x2a900</run_address>
         <size>0x2e9</size>
         <input_file_ref idref="fl-dd"/>
      </object_component>
      <object_component id="oc-13b">
         <name>.debug_info</name>
         <load_address>0x2abe9</load_address>
         <run_address>0x2abe9</run_address>
         <size>0x1bb</size>
         <input_file_ref idref="fl-dd"/>
      </object_component>
      <object_component id="oc-30c">
         <name>.debug_info</name>
         <load_address>0x2ada4</load_address>
         <run_address>0x2ada4</run_address>
         <size>0x46</size>
         <input_file_ref idref="fl-dd"/>
      </object_component>
      <object_component id="oc-253">
         <name>.debug_info</name>
         <load_address>0x2adea</load_address>
         <run_address>0x2adea</run_address>
         <size>0x39</size>
         <input_file_ref idref="fl-dd"/>
      </object_component>
      <object_component id="oc-304">
         <name>.debug_info</name>
         <load_address>0x2ae23</load_address>
         <run_address>0x2ae23</run_address>
         <size>0x2ca</size>
         <input_file_ref idref="fl-de"/>
      </object_component>
      <object_component id="oc-247">
         <name>.debug_info</name>
         <load_address>0x2b0ed</load_address>
         <run_address>0x2b0ed</run_address>
         <size>0x16d</size>
         <input_file_ref idref="fl-de"/>
      </object_component>
      <object_component id="oc-26b">
         <name>.debug_info</name>
         <load_address>0x2b25a</load_address>
         <run_address>0x2b25a</run_address>
         <size>0x366</size>
         <input_file_ref idref="fl-df"/>
      </object_component>
      <object_component id="oc-141">
         <name>.debug_info</name>
         <load_address>0x2b5c0</load_address>
         <run_address>0x2b5c0</run_address>
         <size>0x24e</size>
         <input_file_ref idref="fl-df"/>
      </object_component>
      <object_component id="oc-336">
         <name>.debug_info</name>
         <load_address>0x2b80e</load_address>
         <run_address>0x2b80e</run_address>
         <size>0x28f</size>
         <input_file_ref idref="fl-e0"/>
      </object_component>
      <object_component id="oc-276">
         <name>.debug_info</name>
         <load_address>0x2ba9d</load_address>
         <run_address>0x2ba9d</run_address>
         <size>0x1a0</size>
         <input_file_ref idref="fl-e0"/>
      </object_component>
      <object_component id="oc-26d">
         <name>.debug_info</name>
         <load_address>0x2bc3d</load_address>
         <run_address>0x2bc3d</run_address>
         <size>0x366</size>
         <input_file_ref idref="fl-e1"/>
      </object_component>
      <object_component id="oc-147">
         <name>.debug_info</name>
         <load_address>0x2bfa3</load_address>
         <run_address>0x2bfa3</run_address>
         <size>0x24e</size>
         <input_file_ref idref="fl-e1"/>
      </object_component>
      <object_component id="oc-50">
         <name>.debug_info</name>
         <load_address>0x2c1f1</load_address>
         <run_address>0x2c1f1</run_address>
         <size>0x184</size>
         <input_file_ref idref="fl-e2"/>
      </object_component>
      <object_component id="oc-d6">
         <name>.debug_info</name>
         <load_address>0x2c375</load_address>
         <run_address>0x2c375</run_address>
         <size>0x14c</size>
         <input_file_ref idref="fl-e3"/>
      </object_component>
      <object_component id="oc-1fb">
         <name>.debug_info</name>
         <load_address>0x2c4c1</load_address>
         <run_address>0x2c4c1</run_address>
         <size>0x4b3</size>
         <input_file_ref idref="fl-e5"/>
      </object_component>
      <object_component id="oc-fa">
         <name>.debug_info</name>
         <load_address>0x2c974</load_address>
         <run_address>0x2c974</run_address>
         <size>0x1a6</size>
         <input_file_ref idref="fl-e5"/>
      </object_component>
      <object_component id="oc-2ce">
         <name>.debug_info</name>
         <load_address>0x2cb1a</load_address>
         <run_address>0x2cb1a</run_address>
         <size>0x39</size>
         <input_file_ref idref="fl-e5"/>
      </object_component>
      <object_component id="oc-381">
         <name>.debug_info</name>
         <load_address>0x2cb53</load_address>
         <run_address>0x2cb53</run_address>
         <size>0x39</size>
         <input_file_ref idref="fl-e5"/>
      </object_component>
      <object_component id="oc-2d3">
         <name>.debug_info</name>
         <load_address>0x2cb8c</load_address>
         <run_address>0x2cb8c</run_address>
         <size>0x39</size>
         <input_file_ref idref="fl-e5"/>
      </object_component>
      <object_component id="oc-2d8">
         <name>.debug_info</name>
         <load_address>0x2cbc5</load_address>
         <run_address>0x2cbc5</run_address>
         <size>0xcd</size>
         <input_file_ref idref="fl-e5"/>
      </object_component>
      <object_component id="oc-d2">
         <name>.debug_info</name>
         <load_address>0x2cc92</load_address>
         <run_address>0x2cc92</run_address>
         <size>0x2cf</size>
         <input_file_ref idref="fl-e7"/>
      </object_component>
      <object_component id="oc-62">
         <name>.debug_info</name>
         <load_address>0x2cf61</load_address>
         <run_address>0x2cf61</run_address>
         <size>0x1a0</size>
         <input_file_ref idref="fl-e7"/>
      </object_component>
      <object_component id="oc-cd">
         <name>.debug_info</name>
         <load_address>0x2d101</load_address>
         <run_address>0x2d101</run_address>
         <size>0x46</size>
         <input_file_ref idref="fl-e7"/>
      </object_component>
      <object_component id="oc-5a">
         <name>.debug_info</name>
         <load_address>0x2d147</load_address>
         <run_address>0x2d147</run_address>
         <size>0x2a3</size>
         <input_file_ref idref="fl-e8"/>
      </object_component>
      <object_component id="oc-1b">
         <name>.debug_info</name>
         <load_address>0x2d3ea</load_address>
         <run_address>0x2d3ea</run_address>
         <size>0x1d5</size>
         <input_file_ref idref="fl-e8"/>
      </object_component>
      <object_component id="oc-55">
         <name>.debug_info</name>
         <load_address>0x2d5bf</load_address>
         <run_address>0x2d5bf</run_address>
         <size>0x46</size>
         <input_file_ref idref="fl-e8"/>
      </object_component>
      <object_component id="oc-c5">
         <name>.debug_info</name>
         <load_address>0x2d605</load_address>
         <run_address>0x2d605</run_address>
         <size>0x2c</size>
         <input_file_ref idref="fl-e8"/>
      </object_component>
      <object_component id="oc-c3">
         <name>.debug_info</name>
         <load_address>0x2d631</load_address>
         <run_address>0x2d631</run_address>
         <size>0x29e</size>
         <input_file_ref idref="fl-e9"/>
      </object_component>
      <object_component id="oc-13">
         <name>.debug_info</name>
         <load_address>0x2d8cf</load_address>
         <run_address>0x2d8cf</run_address>
         <size>0x250</size>
         <input_file_ref idref="fl-e9"/>
      </object_component>
      <object_component id="oc-45">
         <name>.debug_info</name>
         <load_address>0x2db1f</load_address>
         <run_address>0x2db1f</run_address>
         <size>0x60</size>
         <input_file_ref idref="fl-e9"/>
      </object_component>
      <object_component id="oc-1b6">
         <name>.debug_info</name>
         <load_address>0x2db7f</load_address>
         <run_address>0x2db7f</run_address>
         <size>0x46</size>
         <input_file_ref idref="fl-e9"/>
      </object_component>
      <object_component id="oc-be">
         <name>.debug_info</name>
         <load_address>0x2dbc5</load_address>
         <run_address>0x2dbc5</run_address>
         <size>0x39</size>
         <input_file_ref idref="fl-e9"/>
      </object_component>
      <object_component id="oc-170">
         <name>.debug_info</name>
         <load_address>0x2dbfe</load_address>
         <run_address>0x2dbfe</run_address>
         <size>0x122</size>
         <input_file_ref idref="fl-ea"/>
      </object_component>
      <object_component id="oc-360">
         <name>.debug_info</name>
         <load_address>0x2dd20</load_address>
         <run_address>0x2dd20</run_address>
         <size>0x28f</size>
         <input_file_ref idref="fl-ec"/>
      </object_component>
      <object_component id="oc-297">
         <name>.debug_info</name>
         <load_address>0x2dfaf</load_address>
         <run_address>0x2dfaf</run_address>
         <size>0x245</size>
         <input_file_ref idref="fl-ec"/>
      </object_component>
      <object_component id="oc-327">
         <name>.debug_info</name>
         <load_address>0x2e1f4</load_address>
         <run_address>0x2e1f4</run_address>
         <size>0x33b</size>
         <input_file_ref idref="fl-ed"/>
      </object_component>
      <object_component id="oc-31e">
         <name>.debug_info</name>
         <load_address>0x2e52f</load_address>
         <run_address>0x2e52f</run_address>
         <size>0x107</size>
         <input_file_ref idref="fl-ed"/>
      </object_component>
      <object_component id="oc-321">
         <name>.debug_info</name>
         <load_address>0x2e636</load_address>
         <run_address>0x2e636</run_address>
         <size>0x103</size>
         <input_file_ref idref="fl-ed"/>
      </object_component>
      <object_component id="oc-324">
         <name>.debug_info</name>
         <load_address>0x2e739</load_address>
         <run_address>0x2e739</run_address>
         <size>0x102</size>
         <input_file_ref idref="fl-ed"/>
      </object_component>
      <object_component id="oc-261">
         <name>.debug_info</name>
         <load_address>0x2e83b</load_address>
         <run_address>0x2e83b</run_address>
         <size>0x3ac</size>
         <input_file_ref idref="fl-ed"/>
      </object_component>
      <object_component id="oc-3bd">
         <name>.debug_info</name>
         <load_address>0x2ebe7</load_address>
         <run_address>0x2ebe7</run_address>
         <size>0x39</size>
         <input_file_ref idref="fl-ed"/>
      </object_component>
      <object_component id="oc-328">
         <name>.debug_info</name>
         <load_address>0x2ec20</load_address>
         <run_address>0x2ec20</run_address>
         <size>0x2c</size>
         <input_file_ref idref="fl-ed"/>
      </object_component>
      <object_component id="oc-309">
         <name>.debug_info</name>
         <load_address>0x2ec4c</load_address>
         <run_address>0x2ec4c</run_address>
         <size>0x289</size>
         <input_file_ref idref="fl-ee"/>
      </object_component>
      <object_component id="oc-306">
         <name>.debug_info</name>
         <load_address>0x2eed5</load_address>
         <run_address>0x2eed5</run_address>
         <size>0x10e</size>
         <input_file_ref idref="fl-ee"/>
      </object_component>
      <object_component id="oc-24f">
         <name>.debug_info</name>
         <load_address>0x2efe3</load_address>
         <run_address>0x2efe3</run_address>
         <size>0x14e</size>
         <input_file_ref idref="fl-ee"/>
      </object_component>
      <object_component id="oc-25a">
         <name>.debug_info</name>
         <load_address>0x2f131</load_address>
         <run_address>0x2f131</run_address>
         <size>0x15a</size>
         <input_file_ref idref="fl-ef"/>
      </object_component>
      <object_component id="oc-32e">
         <name>.debug_info</name>
         <load_address>0x2f28b</load_address>
         <run_address>0x2f28b</run_address>
         <size>0x292</size>
         <input_file_ref idref="fl-f0"/>
      </object_component>
      <object_component id="oc-268">
         <name>.debug_info</name>
         <load_address>0x2f51d</load_address>
         <run_address>0x2f51d</run_address>
         <size>0x1b6</size>
         <input_file_ref idref="fl-f0"/>
      </object_component>
      <object_component id="oc-3b4">
         <name>.debug_info</name>
         <load_address>0x2f6d3</load_address>
         <run_address>0x2f6d3</run_address>
         <size>0x2fd</size>
         <input_file_ref idref="fl-f1"/>
      </object_component>
      <object_component id="oc-31a">
         <name>.debug_info</name>
         <load_address>0x2f9d0</load_address>
         <run_address>0x2f9d0</run_address>
         <size>0x1ad</size>
         <input_file_ref idref="fl-f1"/>
      </object_component>
      <object_component id="oc-3a8">
         <name>.debug_info</name>
         <load_address>0x2fb7d</load_address>
         <run_address>0x2fb7d</run_address>
         <size>0x115</size>
         <input_file_ref idref="fl-f2"/>
      </object_component>
      <object_component id="oc-313">
         <name>.debug_info</name>
         <load_address>0x2fc92</load_address>
         <run_address>0x2fc92</run_address>
         <size>0x14f</size>
         <input_file_ref idref="fl-f3"/>
      </object_component>
      <object_component id="oc-3ae">
         <name>.debug_info</name>
         <load_address>0x2fde1</load_address>
         <run_address>0x2fde1</run_address>
         <size>0x161</size>
         <input_file_ref idref="fl-f4"/>
      </object_component>
      <object_component id="oc-412">
         <name>.debug_info</name>
         <load_address>0x2ff42</load_address>
         <run_address>0x2ff42</run_address>
         <size>0xce</size>
      </object_component>
      <object_component id="oc-2c7">
         <name>.debug_line</name>
         <load_address>0x0</load_address>
         <run_address>0x0</run_address>
         <size>0x20</size>
         <input_file_ref idref="fl-2"/>
      </object_component>
      <object_component id="oc-302">
         <name>.debug_line</name>
         <load_address>0x20</load_address>
         <run_address>0x20</run_address>
         <size>0x36</size>
         <input_file_ref idref="fl-2"/>
      </object_component>
      <object_component id="oc-300">
         <name>.debug_line</name>
         <load_address>0x56</load_address>
         <run_address>0x56</run_address>
         <size>0x36</size>
         <input_file_ref idref="fl-2"/>
      </object_component>
      <object_component id="oc-135">
         <name>.debug_line</name>
         <load_address>0x8c</load_address>
         <run_address>0x8c</run_address>
         <size>0x2da</size>
         <input_file_ref idref="fl-2"/>
      </object_component>
      <object_component id="oc-1d8">
         <name>.debug_line</name>
         <load_address>0x366</load_address>
         <run_address>0x366</run_address>
         <size>0x92</size>
         <input_file_ref idref="fl-2"/>
      </object_component>
      <object_component id="oc-18b">
         <name>.debug_line</name>
         <load_address>0x3f8</load_address>
         <run_address>0x3f8</run_address>
         <size>0x6f</size>
         <input_file_ref idref="fl-2"/>
      </object_component>
      <object_component id="oc-a1">
         <name>.debug_line</name>
         <load_address>0x467</load_address>
         <run_address>0x467</run_address>
         <size>0x97</size>
         <input_file_ref idref="fl-2"/>
      </object_component>
      <object_component id="oc-b6">
         <name>.debug_line</name>
         <load_address>0x4fe</load_address>
         <run_address>0x4fe</run_address>
         <size>0x20</size>
         <input_file_ref idref="fl-2"/>
      </object_component>
      <object_component id="oc-b1">
         <name>.debug_line</name>
         <load_address>0x51e</load_address>
         <run_address>0x51e</run_address>
         <size>0x92</size>
         <input_file_ref idref="fl-2"/>
      </object_component>
      <object_component id="oc-2bf">
         <name>.debug_line</name>
         <load_address>0x5b0</load_address>
         <run_address>0x5b0</run_address>
         <size>0x73</size>
         <input_file_ref idref="fl-2"/>
      </object_component>
      <object_component id="oc-17d">
         <name>.debug_line</name>
         <load_address>0x623</load_address>
         <run_address>0x623</run_address>
         <size>0x70</size>
         <input_file_ref idref="fl-2"/>
      </object_component>
      <object_component id="oc-bb">
         <name>.debug_line</name>
         <load_address>0x693</load_address>
         <run_address>0x693</run_address>
         <size>0x95</size>
         <input_file_ref idref="fl-2"/>
      </object_component>
      <object_component id="oc-2a2">
         <name>.debug_line</name>
         <load_address>0x728</load_address>
         <run_address>0x728</run_address>
         <size>0x8e</size>
         <input_file_ref idref="fl-2"/>
      </object_component>
      <object_component id="oc-1ae">
         <name>.debug_line</name>
         <load_address>0x7b6</load_address>
         <run_address>0x7b6</run_address>
         <size>0x92</size>
         <input_file_ref idref="fl-2"/>
      </object_component>
      <object_component id="oc-377">
         <name>.debug_line</name>
         <load_address>0x848</load_address>
         <run_address>0x848</run_address>
         <size>0x20</size>
         <input_file_ref idref="fl-3"/>
      </object_component>
      <object_component id="oc-9b">
         <name>.debug_line</name>
         <load_address>0x868</load_address>
         <run_address>0x868</run_address>
         <size>0x91</size>
         <input_file_ref idref="fl-3"/>
      </object_component>
      <object_component id="oc-190">
         <name>.debug_line</name>
         <load_address>0x8f9</load_address>
         <run_address>0x8f9</run_address>
         <size>0x94</size>
[...]
         <value>0x55f0</value>
         <object_component_ref idref="oc-a3"/>
      </symbol>
      <symbol id="sm-8e3">
         <name>vPortInitialiseFPSCR</name>
         <value>0x54e8</value>
         <object_component_ref idref="oc-a3"/>
      </symbol>
      <symbol id="sm-8e4">
         <name>ulPortCountLeadingZeros</name>
         <value>0x54f4</value>
         <object_component_ref idref="oc-a3"/>
      </symbol>
      <symbol id="sm-8e5">
         <name>vPortYieldProcessor</name>
         <value>0x5208</value>
         <object_component_ref idref="oc-a3"/>
      </symbol>
      <symbol id="sm-8e6">
         <name>vPortSWI</name>
         <value>0x54fc</value>
         <object_component_ref idref="oc-a3"/>
      </symbol>
      <symbol id="sm-9a8">
         <name>xQueuePeekFromISR</name>
         <value>0x3864</value>
         <object_component_ref idref="oc-211"/>
      </symbol>
      <symbol id="sm-9a9">
         <name>xQueueIsQueueEmptyFromISR</name>
         <value>0x3d40</value>
         <object_component_ref idref="oc-211"/>
      </symbol>
      <symbol id="sm-9aa">
         <name>xQueueGenericSendFromISR</name>
         <value>0x314c</value>
         <object_component_ref idref="oc-211"/>
      </symbol>
      <symbol id="sm-9ab">
         <name>uxQueueMessagesWaiting</name>
         <value>0x3958</value>
         <object_component_ref idref="oc-211"/>
      </symbol>
      <symbol id="sm-9ac">
         <name>xQueueIsQueueFullFromISR</name>
         <value>0x3dcc</value>
         <object_component_ref idref="oc-211"/>
      </symbol>
      <symbol id="sm-9ad">
         <name>xQueueGenericCreate</name>
         <value>0x2d70</value>
         <object_component_ref idref="oc-211"/>
      </symbol>
      <symbol id="sm-9ae">
         <name>xQueueGenericSend</name>
         <value>0x2e8c</value>
         <object_component_ref idref="oc-211"/>
      </symbol>
      <symbol id="sm-9af">
         <name>xQueueGenericReset</name>
         <value>0x2c48</value>
         <object_component_ref idref="oc-211"/>
      </symbol>
      <symbol id="sm-9b0">
         <name>xQueueReceiveFromISR</name>
         <value>0x371c</value>
         <object_component_ref idref="oc-211"/>
      </symbol>
      <symbol id="sm-9b1">
         <name>uxQueueSpacesAvailable</name>
         <value>0x3990</value>
         <object_component_ref idref="oc-211"/>
      </symbol>
      <symbol id="sm-9b2">
         <name>xQueueGiveFromISR</name>
         <value>0x32dc</value>
         <object_component_ref idref="oc-211"/>
      </symbol>
      <symbol id="sm-9b3">
         <name>uxQueueMessagesWaitingFromISR</name>
         <value>0x39dc</value>
         <object_component_ref idref="oc-211"/>
      </symbol>
      <symbol id="sm-9b4">
         <name>xQueueGenericReceive</name>
         <value>0x3448</value>
         <object_component_ref idref="oc-211"/>
      </symbol>
      <symbol id="sm-9b5">
         <name>vQueueWaitForMessageRestricted</name>
         <value>0x3e1c</value>
         <object_component_ref idref="oc-211"/>
      </symbol>
      <symbol id="sm-9b6">
         <name>vQueueDelete</name>
         <value>0x3a0c</value>
         <object_component_ref idref="oc-211"/>
      </symbol>
      <symbol id="sm-ba3">
         <name>xTaskCreateRestricted</name>
         <value>0x20</value>
         <object_component_ref idref="oc-158"/>
      </symbol>
      <symbol id="sm-ba4">
         <name>vTaskDelay</name>
         <value>0x804</value>
         <object_component_ref idref="oc-158"/>
      </symbol>
      <symbol id="sm-ba5">
         <name>vTaskSuspendAll</name>
         <value>0x10a4</value>
         <object_component_ref idref="oc-158"/>
      </symbol>
      <symbol id="sm-ba6">
         <name>vTaskPlaceOnEventList</name>
         <value>0x1acc</value>
         <object_component_ref idref="oc-158"/>
      </symbol>
      <symbol id="sm-ba7">
         <name>pvTaskGetThreadLocalStoragePointer</name>
         <value>0x2050</value>
         <object_component_ref idref="oc-158"/>
      </symbol>
      <symbol id="sm-ba8">
         <name>uxTaskPriorityGetFromISR</name>
         <value>0x9d0</value>
         <object_component_ref idref="oc-158"/>
      </symbol>
      <symbol id="sm-ba9">
         <name>ulTaskNotifyTake</name>
         <value>0x23e8</value>
         <object_component_ref idref="oc-158"/>
      </symbol>
      <symbol id="sm-baa">
         <name>pcTaskGetName</name>
         <value>0x1358</value>
         <object_component_ref idref="oc-158"/>
      </symbol>
      <symbol id="sm-bab">
         <name>xTaskCheckForTimeOut</name>
         <value>0x1e28</value>
         <object_component_ref idref="oc-158"/>
      </symbol>
      <symbol id="sm-bac">
         <name>xTaskRemoveFromUnorderedEventList</name>
         <value>0x1ce4</value>
         <object_component_ref idref="oc-158"/>
      </symbol>
      <symbol id="sm-bad">
         <name>vTaskPrioritySet</name>
         <value>0xa18</value>
         <object_component_ref idref="oc-158"/>
      </symbol>
      <symbol id="sm-bae">
         <name>vTaskAllocateMPURegions</name>
         <value>0x20bc</value>
         <object_component_ref idref="oc-158"/>
      </symbol>
      <symbol id="sm-baf">
         <name>xTaskAbortDelay</name>
         <value>0x16c8</value>
         <object_component_ref idref="oc-158"/>
      </symbol>
      <symbol id="sm-bb0">
         <name>vTaskStartScheduler</name>
         <value>0xfdc</value>
         <object_component_ref idref="oc-158"/>
      </symbol>
      <symbol id="sm-bb1">
         <name>xTaskNotifyStateClear</name>
         <value>0x122a4</value>
         <object_component_ref idref="oc-20b"/>
      </symbol>
      <symbol id="sm-bb2">
         <name>uxTaskGetStackHighWaterMark</name>
         <value>0x2294</value>
         <object_component_ref idref="oc-158"/>
      </symbol>
      <symbol id="sm-bb3">
         <name>vTaskSetThreadLocalStoragePointer</name>
         <value>0x1ff8</value>
         <object_component_ref idref="oc-158"/>
      </symbol>
      <symbol id="sm-bb4">
         <name>xTaskGenericNotify</name>
         <value>0x25d0</value>
         <object_component_ref idref="oc-158"/>
      </symbol>
      <symbol id="sm-bb5">
         <name>xTaskCreate</name>
         <value>0xfc</value>
         <object_component_ref idref="oc-158"/>
      </symbol>
      <symbol id="sm-bb6">
         <name>vTaskDelayUntil</name>
         <value>0x698</value>
         <object_component_ref idref="oc-158"/>
      </symbol>
      <symbol id="sm-bb7">
         <name>vTaskEndScheduler</name>
         <value>0x1088</value>
         <object_component_ref idref="oc-158"/>
      </symbol>
      <symbol id="sm-bb8">
         <name>xTaskNotifyWait</name>
         <value>0x24bc</value>
         <object_component_ref idref="oc-158"/>
      </symbol>
      <symbol id="sm-bb9">
         <name>vTaskMissedYield</name>
         <value>0x1f60</value>
         <object_component_ref idref="oc-158"/>
      </symbol>
      <symbol id="sm-bba">
         <name>uxTaskGetNumberOfTasks</name>
         <value>0x134c</value>
         <object_component_ref idref="oc-158"/>
      </symbol>
      <symbol id="sm-bbb">
         <name>xTaskGenericNotifyFromISR</name>
         <value>0x27a0</value>
         <object_component_ref idref="oc-158"/>
      </symbol>
      <symbol id="sm-bbc">
         <name>uxTaskPriorityGet</name>
         <value>0x98c</value>
         <object_component_ref idref="oc-158"/>
      </symbol>
      <symbol id="sm-bbd">
         <name>vTaskStepTick</name>
         <value>0x166c</value>
         <object_component_ref idref="oc-158"/>
      </symbol>
      <symbol id="sm-bbe">
         <name>xTaskResumeAll</name>
         <value>0x115c</value>
         <object_component_ref idref="oc-158"/>
      </symbol>
      <symbol id="sm-bbf">
         <name>xTaskGetHandle</name>
         <value>0x152c</value>
         <object_component_ref idref="oc-158"/>
      </symbol>
      <symbol id="sm-bc0">
         <name>xTaskGetTickCount</name>
         <value>0x130c</value>
         <object_component_ref idref="oc-158"/>
      </symbol>
      <symbol id="sm-bc1">
         <name>vTaskDelete</name>
         <value>0x530</value>
         <object_component_ref idref="oc-158"/>
      </symbol>
      <symbol id="sm-bc2">
         <name>pxCurrentTCB</name>
         <value>0x80008d0</value>
         <object_component_ref idref="oc-17f"/>
      </symbol>
      <symbol id="sm-bc3">
         <name>vTaskNotifyGiveFromISR</name>
         <value>0x29a0</value>
         <object_component_ref idref="oc-158"/>
      </symbol>
      <symbol id="sm-bc4">
         <name>eTaskGetState</name>
         <value>0x888</value>
         <object_component_ref idref="oc-158"/>
      </symbol>
      <symbol id="sm-bc5">
         <name>vTaskSuspend</name>
         <value>0xc10</value>
         <object_component_ref idref="oc-158"/>
      </symbol>
      <symbol id="sm-bc6">
         <name>xTaskGetIdleTaskHandle</name>
         <value>0x1634</value>
         <object_component_ref idref="oc-158"/>
      </symbol>
      <symbol id="sm-bc7">
         <name>xTaskGetTickCountFromISR</name>
         <value>0x1328</value>
         <object_component_ref idref="oc-158"/>
      </symbol>
      <symbol id="sm-bc8">
         <name>vTaskResume</name>
         <value>0xe14</value>
         <object_component_ref idref="oc-158"/>
      </symbol>
      <symbol id="sm-bc9">
         <name>vTaskPlaceOnEventListRestricted</name>
         <value>0x1b94</value>
         <object_component_ref idref="oc-158"/>
      </symbol>
      <symbol id="sm-bca">
         <name>vTaskSetTimeOutState</name>
         <value>0x1de8</value>
         <object_component_ref idref="oc-158"/>
      </symbol>
      <symbol id="sm-bcb">
         <name>xTaskIncrementTick</name>
         <value>0x17c4</value>
         <object_component_ref idref="oc-158"/>
      </symbol>
      <symbol id="sm-bcc">
         <name>vTaskSwitchContext</name>
         <value>0x19ec</value>
         <object_component_ref idref="oc-158"/>
      </symbol>
      <symbol id="sm-bcd">
         <name>uxTaskResetEventItemValue</name>
         <value>0x23ac</value>
         <object_component_ref idref="oc-158"/>
      </symbol>
      <symbol id="sm-bce">
         <name>xTaskGetSchedulerState</name>
         <value>0x235c</value>
         <object_component_ref idref="oc-158"/>
      </symbol>
      <symbol id="sm-bcf">
         <name>xTaskResumeFromISR</name>
         <value>0xef4</value>
         <object_component_ref idref="oc-158"/>
      </symbol>
      <symbol id="sm-bd0">
         <name>vTaskPlaceOnUnorderedEventList</name>
         <value>0x1b10</value>
         <object_component_ref idref="oc-158"/>
      </symbol>
      <symbol id="sm-bd1">
         <name>xTaskRemoveFromEventList</name>
         <value>0x1bf0</value>
         <object_component_ref idref="oc-158"/>
      </symbol>
      <symbol id="sm-bd2">
         <name>eTaskConfirmSleepModeStatus</name>
         <value>0x1f74</value>
         <object_component_ref idref="oc-158"/>
      </symbol>
      <symbol id="sm-c67">
         <name>xTimerGetTimerDaemonTaskHandle</name>
         <value>0x40e8</value>
         <object_component_ref idref="oc-217"/>
      </symbol>
      <symbol id="sm-c68">
         <name>pcTimerGetName</name>
         <value>0x4188</value>
         <object_component_ref idref="oc-217"/>
      </symbol>
      <symbol id="sm-c69">
         <name>xTimerCreateTimerTask</name>
         <value>0x3eac</value>
         <object_component_ref idref="oc-217"/>
      </symbol>
      <symbol id="sm-c6a">
         <name>xTimerGetExpiryTime</name>
         <value>0x4150</value>
         <object_component_ref idref="oc-217"/>
      </symbol>
      <symbol id="sm-c6b">
         <name>xTimerIsTimerActive</name>
         <value>0x484c</value>
         <object_component_ref idref="oc-217"/>
      </symbol>
      <symbol id="sm-c6c">
         <name>xTimerGetPeriod</name>
         <value>0x4120</value>
         <object_component_ref idref="oc-217"/>
      </symbol>
      <symbol id="sm-c6d">
         <name>xTimerCreate</name>
         <value>0x3f10</value>
         <object_component_ref idref="oc-217"/>
      </symbol>
      <symbol id="sm-c6e">
         <name>xTimerGenericCommand</name>
         <value>0x400c</value>
         <object_component_ref idref="oc-217"/>
      </symbol>
      <symbol id="sm-c6f">
         <name>pvTimerGetTimerID</name>
         <value>0x48bc</value>
         <object_component_ref idref="oc-217"/>
      </symbol>
      <symbol id="sm-c70">
         <name>vTimerSetTimerID</name>
         <value>0x48fc</value>
         <object_component_ref idref="oc-217"/>
      </symbol>
      <symbol id="sm-ca5">
         <name>asinl</name>
         <value>0x11748</value>
         <object_component_ref idref="oc-13a"/>
      </symbol>
      <symbol id="sm-ca6">
         <name>asin</name>
         <value>0x11748</value>
         <object_component_ref idref="oc-13a"/>
      </symbol>
      <symbol id="sm-cb6">
         <name>sqrtl</name>
         <value>0x12bf4</value>
         <object_component_ref idref="oc-245"/>
      </symbol>
      <symbol id="sm-cb7">
         <name>sqrt</name>
         <value>0x12bf4</value>
         <object_component_ref idref="oc-245"/>
      </symbol>
      <symbol id="sm-cfa">
         <name>cosl</name>
         <value>0xfeec</value>
         <object_component_ref idref="oc-140"/>
      </symbol>
      <symbol id="sm-cfb">
         <name>cos</name>
         <value>0xfeec</value>
         <object_component_ref idref="oc-140"/>
      </symbol>
      <symbol id="sm-d15">
         <name>floorl</name>
         <value>0x12458</value>
         <object_component_ref idref="oc-275"/>
      </symbol>
      <symbol id="sm-d16">
         <name>floor</name>
         <value>0x12458</value>
         <object_component_ref idref="oc-275"/>
      </symbol>
      <symbol id="sm-d58">
         <name>sin</name>
         <value>0x103a4</value>
         <object_component_ref idref="oc-146"/>
      </symbol>
      <symbol id="sm-d59">
         <name>sinl</name>
         <value>0x103a4</value>
         <object_component_ref idref="oc-146"/>
      </symbol>
      <symbol id="sm-d72">
         <name>memcpy</name>
         <value>0x11ed0</value>
         <object_component_ref idref="oc-4f"/>
      </symbol>
      <symbol id="sm-d73">
         <name>__aeabi_memcpy</name>
         <value>0x11ed0</value>
         <object_component_ref idref="oc-4f"/>
      </symbol>
      <symbol id="sm-d74">
         <name>__aeabi_memcpy8</name>
         <value>0x11ed0</value>
         <object_component_ref idref="oc-4f"/>
      </symbol>
      <symbol id="sm-d75">
         <name>__aeabi_memcpy4</name>
         <value>0x11ed0</value>
         <object_component_ref idref="oc-4f"/>
      </symbol>
      <symbol id="sm-d84">
         <name>__aeabi_memset</name>
         <value>0x129fc</value>
         <object_component_ref idref="oc-d3"/>
      </symbol>
      <symbol id="sm-d85">
         <name>memset</name>
         <value>0x12a08</value>
         <object_component_ref idref="oc-d3"/>
      </symbol>
      <symbol id="sm-d86">
         <name>__aeabi_memset8</name>
         <value>0x129fc</value>
         <object_component_ref idref="oc-d3"/>
      </symbol>
      <symbol id="sm-d87">
         <name>__aeabi_memset4</name>
         <value>0x129fc</value>
         <object_component_ref idref="oc-d3"/>
      </symbol>
      <symbol id="sm-d88">
         <name>__aeabi_memclr8</name>
         <value>0x129f8</value>
         <object_component_ref idref="oc-d3"/>
      </symbol>
      <symbol id="sm-d89">
         <name>__aeabi_memclr4</name>
         <value>0x129f8</value>
         <object_component_ref idref="oc-d3"/>
      </symbol>
      <symbol id="sm-d8a">
         <name>__aeabi_memclr</name>
         <value>0x129f8</value>
         <object_component_ref idref="oc-d3"/>
      </symbol>
      <symbol id="sm-db3">
         <name>__TI_auto_init_nobinit_nopinit</name>
         <value>0x12b38</value>
         <object_component_ref idref="oc-f8"/>
      </symbol>
      <symbol id="sm-dc6">
         <name>__TI_zero_init</name>
         <value>0x12c88</value>
         <object_component_ref idref="oc-61"/>
      </symbol>
      <symbol id="sm-ddd">
         <name>__TI_decompress_none</name>
         <value>0x12c74</value>
         <object_component_ref idref="oc-17"/>
      </symbol>
      <symbol id="sm-e00">
         <name>__TI_decompress_lzss</name>
         <value>0x12aa8</value>
         <object_component_ref idref="oc-11"/>
      </symbol>
      <symbol id="sm-e0b">
         <name>C$$EXIT</name>
         <value>0x12ca4</value>
         <object_component_ref idref="oc-16e"/>
      </symbol>
      <symbol id="sm-e0c">
         <name>abort</name>
         <value>0x12ca4</value>
         <object_component_ref idref="oc-16e"/>
      </symbol>
      <symbol id="sm-e1b">
         <name>strlen</name>
         <value>0x12c54</value>
         <object_component_ref idref="oc-295"/>
      </symbol>
      <symbol id="sm-e8b">
         <name>__kernel_rem_pio2</name>
         <value>0xe97c</value>
         <object_component_ref idref="oc-25e"/>
      </symbol>
      <symbol id="sm-ea1">
         <name>__aeabi_errno_addr</name>
         <value>0x12c98</value>
         <object_component_ref idref="oc-24b"/>
      </symbol>
      <symbol id="sm-ea2">
         <name>errno</name>
         <value>0x80030f8</value>
         <object_component_ref idref="oc-305"/>
      </symbol>
      <symbol id="sm-eb3">
         <name>__kernel_cos</name>
         <value>0x12880</value>
         <object_component_ref idref="oc-258"/>
      </symbol>
      <symbol id="sm-ec8">
         <name>__kernel_sin</name>
         <value>0x12944</value>
         <object_component_ref idref="oc-264"/>
      </symbol>
      <symbol id="sm-ee2">
         <name>scalbn</name>
         <value>0x1258c</value>
         <object_component_ref idref="oc-317"/>
      </symbol>
      <symbol id="sm-ee3">
         <name>scalbnl</name>
         <value>0x1258c</value>
         <object_component_ref idref="oc-317"/>
      </symbol>
      <symbol id="sm-ee4">
         <name>ldexpl</name>
         <value>0x1258c</value>
         <object_component_ref idref="oc-317"/>
      </symbol>
      <symbol id="sm-ee5">
         <name>ldexp</name>
         <value>0x1258c</value>
         <object_component_ref idref="oc-317"/>
      </symbol>
      <symbol id="sm-eef">
         <name>__aeabi_idiv0</name>
         <value>0x12cb4</value>
         <object_component_ref idref="oc-3a7"/>
      </symbol>
      <symbol id="sm-ef0">
         <name>__aeabi_ldiv0</name>
         <value>0x12cb4</value>
         <object_component_ref idref="oc-3a7"/>
      </symbol>
      <symbol id="sm-efc">
         <name>__aeabi_idivmod</name>
         <value>0x12ba0</value>
         <object_component_ref idref="oc-312"/>
      </symbol>
      <symbol id="sm-efd">
         <name>__aeabi_idiv</name>
         <value>0x12ba0</value>
         <object_component_ref idref="oc-312"/>
      </symbol>
      <symbol id="sm-f07">
         <name>copysign</name>
         <value>0x12c2c</value>
         <object_component_ref idref="oc-3ad"/>
      </symbol>
      <symbol id="sm-f08">
         <name>copysignl</name>
         <value>0x12c2c</value>
         <object_component_ref idref="oc-3ad"/>
      </symbol>
      <symbol id="sm-f09">
         <name>__TI_static_base__</name>
         <value>0x0</value>
      </symbol>
      <symbol id="sm-f0d">
         <name>SHT$$INIT_ARRAY$$Base</name>
         <value>0x0</value>
      </symbol>
      <symbol id="sm-f0e">
         <name>SHT$$INIT_ARRAY$$Limit</name>
         <value>0x0</value>
      </symbol>
      <symbol id="sm-f0f">
         <name>_system_post_cinit</name>
         <value>0x0</value>
      </symbol>
   </symbol_table>
   <title>Link successful</title>
</link_info>
